
CPPTRAJ: Trajectory Analysis. V6.29.13 (AmberTools)
    ___  ___  ___  ___
     | \/ | \/ | \/ | 
    _|_/\_|_/\_|_/\_|_

| Date/time: 08/18/26 18:05:54
| Available memory: 1.289 GB

	Reading 'COM.prmtop' as Amber Topology
	Radius Set: H(N)-modified Bondi radii (mbondi2)
INPUT: Reading input from 'STDIN'
  [trajin COM_traj_0.xtc 1 1 5]
	Reading 'COM_traj_0.xtc' as Gromacs XTC
Warning: offset 5 is so large that only 1 set will be processed.
Warning: Trajectory box type is 'Orthorhombic' but topology box type is 'None'.
Warning: Setting topology box information from trajectory.
  [noprogress]
	Progress bar will not be used during Run.
  [rmsd !(:WAT,Cl*,CIO,Cs+,IB,K*,Li+,MG*,Na+,Rb+,CS,RB,NA,F,CL) mass first]
    RMSD: (!(:WAT,Cl*,CIO,Cs+,IB,K*,Li+,MG*,Na+,Rb+,CS,RB,NA,F,CL)), reference is first frame (!(:WAT,Cl*,CIO,Cs+,IB,K*,Li+,MG*,Na+,Rb+,CS,RB,NA,F,CL)), mass-weighted.
	Best-fit RMSD will be calculated, coords will be rotated and translated.
  [outtraj _GMXMMPBSA_complex.pdb pdb onlyframes 1 nobox]
	Saving frames 1
	Writing '_GMXMMPBSA_complex.pdb' as PDB
    OUTTRAJ: Writing frames associated with topology 'COM.prmtop'
  [outtraj _GMXMMPBSA_dummycomplex.inpcrd restart onlyframes 1 nobox]
	Saving frames 1
	Writing '_GMXMMPBSA_dummycomplex.inpcrd' as Amber Restart
    OUTTRAJ: Writing frames associated with topology 'COM.prmtop'
  [outtraj _GMXMMPBSA_complex.mdcrd.0 onlyframes 1-2 nobox]
Warning: Format not specified and extension '.0' not recognized. Defaulting to Amber Trajectory.
	Saving frames 1-2
	Writing '_GMXMMPBSA_complex.mdcrd.0' as Amber Trajectory
    OUTTRAJ: Writing frames associated with topology 'COM.prmtop'
  [strip :166]
    STRIP: Stripping atoms in mask [:166]
  [outtraj _GMXMMPBSA_receptor.pdb pdb onlyframes 1 nobox]
	Saving frames 1
	Writing '_GMXMMPBSA_receptor.pdb' as PDB
    OUTTRAJ: Writing frames associated with topology 'COM.prmtop'
  [outtraj _GMXMMPBSA_dummyreceptor.inpcrd restart onlyframes 1 nobox]
	Saving frames 1
	Writing '_GMXMMPBSA_dummyreceptor.inpcrd' as Amber Restart
    OUTTRAJ: Writing frames associated with topology 'COM.prmtop'
  [outtraj _GMXMMPBSA_receptor.mdcrd.0 onlyframes 1-2 nobox]
Warning: Format not specified and extension '.0' not recognized. Defaulting to Amber Trajectory.
	Saving frames 1-2
	Writing '_GMXMMPBSA_receptor.mdcrd.0' as Amber Trajectory
    OUTTRAJ: Writing frames associated with topology 'COM.prmtop'
  [unstrip]
  [rmsd !(:WAT,Cl*,CIO,Cs+,IB,K*,Li+,MG*,Na+,Rb+,CS,RB,NA,F,CL) mass first]
    RMSD: (!(:WAT,Cl*,CIO,Cs+,IB,K*,Li+,MG*,Na+,Rb+,CS,RB,NA,F,CL)), reference is first frame (!(:WAT,Cl*,CIO,Cs+,IB,K*,Li+,MG*,Na+,Rb+,CS,RB,NA,F,CL)), mass-weighted.
	Best-fit RMSD will be calculated, coords will be rotated and translated.
  [strip :1-165]
    STRIP: Stripping atoms in mask [:1-165]
  [outtraj _GMXMMPBSA_ligand.pdb pdb onlyframes 1 nobox]
	Saving frames 1
	Writing '_GMXMMPBSA_ligand.pdb' as PDB
    OUTTRAJ: Writing frames associated with topology 'COM.prmtop'
  [outtraj _GMXMMPBSA_dummyligand.inpcrd restart onlyframes 1 nobox]
	Saving frames 1
	Writing '_GMXMMPBSA_dummyligand.inpcrd' as Amber Restart
    OUTTRAJ: Writing frames associated with topology 'COM.prmtop'
  [outtraj _GMXMMPBSA_ligand.mdcrd.0 onlyframes 1-2 nobox]
Warning: Format not specified and extension '.0' not recognized. Defaulting to Amber Trajectory.
	Saving frames 1-2
	Writing '_GMXMMPBSA_ligand.mdcrd.0' as Amber Trajectory
    OUTTRAJ: Writing frames associated with topology 'COM.prmtop'
  [unstrip]
  [rmsd !(:WAT,Cl*,CIO,Cs+,IB,K*,Li+,MG*,Na+,Rb+,CS,RB,NA,F,CL) mass first]
    RMSD: (!(:WAT,Cl*,CIO,Cs+,IB,K*,Li+,MG*,Na+,Rb+,CS,RB,NA,F,CL)), reference is first frame (!(:WAT,Cl*,CIO,Cs+,IB,K*,Li+,MG*,Na+,Rb+,CS,RB,NA,F,CL)), mass-weighted.
	Best-fit RMSD will be calculated, coords will be rotated and translated.
---------- RUN BEGIN -------------------------------------------------

PARAMETER FILES (1 total):
 0: COM.prmtop, 2645 atoms, 166 res, box: Orthorhombic, 2 mol

INPUT TRAJECTORIES (1 total):
 0: 'COM_traj_0.xtc' is a GROMACS XTC file, Parm COM.prmtop (Orthorhombic box) (reading 1 of 2)
  Coordinate processing will occur on 1 frames.

BEGIN TRAJECTORY PROCESSING:
.....................................................
ACTION SETUP FOR PARM 'COM.prmtop' (16 actions):
  0: [rmsd !(:WAT,Cl*,CIO,Cs+,IB,K*,Li+,MG*,Na+,Rb+,CS,RB,NA,F,CL) mass first]
	Target mask: [!(:WAT,Cl*,CIO,Cs+,IB,K*,Li+,MG*,Na+,Rb+,CS,RB,NA,F,CL)](2645)
	Reference topology: COM.prmtop
	Reference mask: [!(:WAT,Cl*,CIO,Cs+,IB,K*,Li+,MG*,Na+,Rb+,CS,RB,NA,F,CL)](2645)
  1: [outtraj _GMXMMPBSA_complex.pdb pdb onlyframes 1 nobox]
        '_GMXMMPBSA_complex.pdb' is a PDB file, Parm COM.prmtop no box info,: Writing frames 1
	Has coordinates, time
  2: [outtraj _GMXMMPBSA_dummycomplex.inpcrd restart onlyframes 1 nobox]
        '_GMXMMPBSA_dummycomplex.inpcrd' is an AMBER restart file, Parm COM.prmtop no box info,: Writing frames 1
	Has coordinates, time
  3: [outtraj _GMXMMPBSA_complex.mdcrd.0 onlyframes 1-2 nobox]
        '_GMXMMPBSA_complex.mdcrd.0' is an AMBER trajectory, Parm COM.prmtop no box info,: Writing frames 1-2
	Has coordinates, time
  4: [strip :166]
	Stripping 22 atoms.
	Stripped topology: 2623 atoms, 165 res, box: Orthorhombic, 1 mol
  5: [outtraj _GMXMMPBSA_receptor.pdb pdb onlyframes 1 nobox]
        '_GMXMMPBSA_receptor.pdb' is a PDB file, Parm COM.prmtop no box info,: Writing frames 1
	Has coordinates, time
  6: [outtraj _GMXMMPBSA_dummyreceptor.inpcrd restart onlyframes 1 nobox]
        '_GMXMMPBSA_dummyreceptor.inpcrd' is an AMBER restart file, Parm COM.prmtop no box info,: Writing frames 1
	Has coordinates, time
  7: [outtraj _GMXMMPBSA_receptor.mdcrd.0 onlyframes 1-2 nobox]
        '_GMXMMPBSA_receptor.mdcrd.0' is an AMBER trajectory, Parm COM.prmtop no box info,: Writing frames 1-2
	Has coordinates, time
  8: [unstrip]
  9: [rmsd !(:WAT,Cl*,CIO,Cs+,IB,K*,Li+,MG*,Na+,Rb+,CS,RB,NA,F,CL) mass first]
	Target mask: [!(:WAT,Cl*,CIO,Cs+,IB,K*,Li+,MG*,Na+,Rb+,CS,RB,NA,F,CL)](2645)
	Reference topology: COM.prmtop
	Reference mask: [!(:WAT,Cl*,CIO,Cs+,IB,K*,Li+,MG*,Na+,Rb+,CS,RB,NA,F,CL)](2645)
  10: [strip :1-165]
	Stripping 2623 atoms.
	Stripped topology: 22 atoms, 1 res, box: Orthorhombic, 1 mol
  11: [outtraj _GMXMMPBSA_ligand.pdb pdb onlyframes 1 nobox]
        '_GMXMMPBSA_ligand.pdb' is a PDB file, Parm COM.prmtop no box info,: Writing frames 1
	Has coordinates, time
  12: [outtraj _GMXMMPBSA_dummyligand.inpcrd restart onlyframes 1 nobox]
        '_GMXMMPBSA_dummyligand.inpcrd' is an AMBER restart file, Parm COM.prmtop no box info,: Writing frames 1
	Has coordinates, time
  13: [outtraj _GMXMMPBSA_ligand.mdcrd.0 onlyframes 1-2 nobox]
        '_GMXMMPBSA_ligand.mdcrd.0' is an AMBER trajectory, Parm COM.prmtop no box info,: Writing frames 1-2
	Has coordinates, time
  14: [unstrip]
  15: [rmsd !(:WAT,Cl*,CIO,Cs+,IB,K*,Li+,MG*,Na+,Rb+,CS,RB,NA,F,CL) mass first]
	Target mask: [!(:WAT,Cl*,CIO,Cs+,IB,K*,Li+,MG*,Na+,Rb+,CS,RB,NA,F,CL)](2645)
	Reference topology: COM.prmtop
	Reference mask: [!(:WAT,Cl*,CIO,Cs+,IB,K*,Li+,MG*,Na+,Rb+,CS,RB,NA,F,CL)](2645)
----- COM_traj_0.xtc (1-1, 5) -----

Read 1 frames and processed 1 frames.
TIME: Avg. throughput= 87.6347 frames / second.

ACTION OUTPUT:
    OUTTRAJ: '_GMXMMPBSA_complex.pdb': Wrote 1 frames.
    OUTTRAJ: '_GMXMMPBSA_dummycomplex.inpcrd': Wrote 1 frames.
    OUTTRAJ: '_GMXMMPBSA_complex.mdcrd.0': Wrote 1 frames.
    OUTTRAJ: '_GMXMMPBSA_receptor.pdb': Wrote 1 frames.
    OUTTRAJ: '_GMXMMPBSA_dummyreceptor.inpcrd': Wrote 1 frames.
    OUTTRAJ: '_GMXMMPBSA_receptor.mdcrd.0': Wrote 1 frames.
    OUTTRAJ: '_GMXMMPBSA_ligand.pdb': Wrote 1 frames.
    OUTTRAJ: '_GMXMMPBSA_dummyligand.inpcrd': Wrote 1 frames.
    OUTTRAJ: '_GMXMMPBSA_ligand.mdcrd.0': Wrote 1 frames.
TIME: Analyses took 0.0000 seconds.

DATASETS (3 total):
	RMSD_00001 "RMSD_00001" (double, rms), size is 1 (0.008 kB)
	RMSD_00002 "RMSD_00002" (double, rms), size is 1 (0.008 kB)
	RMSD_00003 "RMSD_00003" (double, rms), size is 1 (0.008 kB)
    Total data set memory usage is at least 0.024 kB

RUN TIMING:
TIME:		Init               : 0.0000 s (  0.15%)
TIME:		Trajectory Process : 0.0114 s ( 98.40%)
TIME:		Action Post        : 0.0000 s (  0.03%)
TIME:		Analysis           : 0.0000 s (  0.00%)
TIME:		Data File Write    : 0.0000 s (  0.05%)
TIME:		Other              : 0.0002 s (  0.01%)
TIME:	Run Total 0.0116 s
---------- RUN END ---------------------------------------------------
TIME: Total execution time: 0.0142 seconds.
--------------------------------------------------------------------------------
To cite CPPTRAJ use:
Daniel R. Roe and Thomas E. Cheatham, III, "PTRAJ and CPPTRAJ: Software for
  Processing and Analysis of Molecular Dynamics Trajectory Data". J. Chem.
  Theory Comput., 2013, 9 (7), pp 3084-3095.

