            --------------------------------------------------------
                             AMBER SQM VERSION 19
 
                                     By
              Ross C. Walker, Michael F. Crowley, Scott Brozell,
                         Tim Giese, Andreas W. Goetz,
                        Tai-Sung Lee and David A. Case
 
            --------------------------------------------------------
 

--------------------------------------------------------------------------------
  QM CALCULATION INFO
--------------------------------------------------------------------------------

| QMMM: Citation for AMBER QMMM Run:
| QMMM: R.C. Walker, M.F. Crowley and D.A. Case, J. COMP. CHEM. 29:1019, 2008

QMMM: SINGLET STATE CALCULATION
QMMM: RHF CALCULATION, NO. OF DOUBLY OCCUPIED LEVELS = 27

| QMMM: *** Selected Hamiltonian *** 
| QMMM: AM1         

| QMMM: *** Parameter sets in use ***
| QMMM: C : M.J.S.DEWAR et al. JACS, 107, 3902, (1985)
| QMMM: O : M.J.S.DEWAR et al. JACS, 107, 3902, (1985)
| QMMM: H : M.J.S.DEWAR et al. JACS, 107, 3902, (1985)

| QMMM: *** SCF convergence criteria ***
| QMMM: Energy change                :  0.1D-09 kcal/mol
| QMMM: Error matrix |FP-PF|         :  0.1D+00 au
| QMMM: Density matrix change        :  0.5D-06
| QMMM: Maximum number of SCF cycles :     1000

| QMMM: *** Diagonalization Routine Information ***
| QMMM: Pseudo diagonalizations are allowed.
| QMMM: Auto diagonalization routine selection is in use.
| QMMM:
| QMMM: Timing diagonalization routines:
| QMMM:                              norbs =       52
| QMMM:    diag iterations used for timing =       15
| QMMM:
| QMMM:              Internal diag routine = 0.003130 seconds
| QMMM:                 Dspev diag routine = 0.003506 seconds
| QMMM:                Dspevd diag routine = 0.002563 seconds
| QMMM:                Dspevx diag routine = 0.012146 seconds
| QMMM:                 Dsyev diag routine = 0.003314 seconds
| QMMM:                Dsyevd diag routine = 0.002338 seconds
| QMMM:                Dsyevr diag routine = 0.003273 seconds
| QMMM:
| QMMM:                Pseudo diag routine = 0.000993 seconds
| QMMM:
| QMMM: Using dsyevd routine (diag_routine=6).

  QMMM: QM Region Cartesian Coordinates (*=link atom) 
  QMMM: QM_NO.   MM_NO.  ATOM         X         Y         Z
  QMMM:     1        1      C       24.2940  -24.1240   -0.0710
  QMMM:     2        2      C       21.5530  -27.2140   -4.1120
  QMMM:     3        3      C       22.0680  -26.7470   -5.3310
  QMMM:     4        4      C       22.6710  -25.5120   -5.4480
  QMMM:     5        5      C       22.7690  -24.7300   -4.2950
  QMMM:     6        6      C       21.6930  -26.4590   -2.9540
  QMMM:     7        7      C       22.2940  -25.1870   -3.0750
  QMMM:     8        8      C       22.4630  -24.4140   -1.8080
  QMMM:     9        9      C       23.9250  -24.7040   -1.3940
  QMMM:    10       10      O       23.4120  -23.5360   -4.3420
  QMMM:    11       11      H       25.3130  -24.3620    0.1510
  QMMM:    12       12      H       23.6590  -24.5330    0.6870
  QMMM:    13       13      H       24.1740  -23.0610   -0.1020
  QMMM:    14       14      H       21.0670  -28.1240   -4.0750
  QMMM:    15       15      H       21.9930  -27.3470   -6.1670
  QMMM:    16       16      H       23.0360  -25.1780   -6.3540
  QMMM:    17       17      H       21.3700  -26.8140   -2.0400
  QMMM:    18       18      H       21.7790  -24.7550   -1.0590
  QMMM:    19       19      H       22.2660  -23.3690   -1.9300
  QMMM:    20       20      H       24.5760  -24.2930   -2.1370
  QMMM:    21       21      H       24.0240  -25.7660   -1.3110
  QMMM:    22       22      H       23.7390  -23.2120   -5.1580

--------------------------------------------------------------------------------
  RESULTS
--------------------------------------------------------------------------------

      iter         sqm energy              rms gradient
      ----    -------------------    -----------------------
xmin    10      -41.5050 kcal/mol        0.1861 kcal/(mol*A)
xmin    20      -41.5311 kcal/mol        0.1141 kcal/(mol*A)
xmin    30      -41.5353 kcal/mol        0.0165 kcal/(mol*A)
xmin    40      -41.5355 kcal/mol        0.0009 kcal/(mol*A)
xmin    50      -41.5355 kcal/mol        0.0006 kcal/(mol*A)
  ... geometry converged !
 
 Final MO eigenvalues (eV):
 -40.4062  -37.4188  -35.7080  -31.7832  -30.3748  -26.9829  -23.6043  -22.8141
 -21.2938  -18.9030  -17.2301  -16.6236  -15.5214  -15.1663  -14.9650  -14.5559
 -14.3934  -13.8535  -13.0163  -12.7811  -12.5487  -12.1353  -11.8486  -11.6941
 -11.1389   -9.6358   -8.9828    0.4033    0.5292    2.8118    3.0394    3.7502
   3.8105    3.9774    4.0950    4.2260    4.3145    4.3949    4.6025    4.6378
   4.7689    4.9817    4.9917    5.0681    5.1698    5.2578    5.3639    5.4341
   5.5283    5.6750    5.9048    6.3379

 Heat of formation   =        -41.53552731 kcal/mol  (       -1.80111562 eV)

 Total SCF energy    =     -37782.85282350 kcal/mol  (    -1638.38744302 eV)
 Electronic energy   =    -187238.64175312 kcal/mol  (    -8119.27677694 eV)
 Core-core repulsion =     149455.78892962 kcal/mol  (     6480.88933392 eV)
 
    Atomic Charges for Step       1 :
  Atom    Element       Mulliken Charge
     1      C                 -0.210
     2      C                 -0.162
     3      C                 -0.096
     4      C                 -0.211
     5      C                  0.078
     6      C                 -0.098
     7      C                 -0.092
     8      C                 -0.113
     9      C                 -0.155
    10      O                 -0.252
    11      H                  0.072
    12      H                  0.069
    13      H                  0.073
    14      H                  0.133
    15      H                  0.132
    16      H                  0.132
    17      H                  0.134
    18      H                  0.082
    19      H                  0.099
    20      H                  0.091
    21      H                  0.078
    22      H                  0.216
 Total Mulliken Charge =       0.000
 
                  X        Y        Z     TOTAL  
  QM DIPOLE    -0.036   -0.279   -0.974    1.014
 
 Final Structure

  QMMM: QM Region Cartesian Coordinates (*=link atom) 
  QMMM: QM_NO.   MM_NO.  ATOM         X         Y         Z
  QMMM:     1        1      C       24.2291  -23.9560    0.0080
  QMMM:     2        2      C       21.4991  -27.2338   -4.2254
  QMMM:     3        3      C       21.9418  -26.7207   -5.4432
  QMMM:     4        4      C       22.6041  -25.4963   -5.4870
  QMMM:     5        5      C       22.8220  -24.7878   -4.2971
  QMMM:     6        6      C       21.7177  -26.5230   -3.0455
  QMMM:     7        7      C       22.3799  -25.2929   -3.0563
  QMMM:     8        8      C       22.6051  -24.5325   -1.7986
  QMMM:     9        9      C       24.0148  -24.7251   -1.2696
  QMMM:    10       10      O       23.4726  -23.5732   -4.2811
  QMMM:    11       11      H       25.2713  -24.1066    0.3797
  QMMM:    12       12      H       23.5194  -24.2980    0.7998
  QMMM:    13       13      H       24.0682  -22.8633   -0.1578
  QMMM:    14       14      H       20.9758  -28.2000   -4.1931
  QMMM:    15       15      H       21.7693  -27.2807   -6.3741
  QMMM:    16       16      H       22.9541  -25.0864   -6.4446
  QMMM:    17       17      H       21.3635  -26.9333   -2.0872
  QMMM:    18       18      H       21.8653  -24.8573   -1.0192
  QMMM:    19       19      H       22.4337  -23.4390   -1.9948
  QMMM:    20       20      H       24.7449  -24.3807   -2.0497
  QMMM:    21       21      H       24.2035  -25.8162   -1.0915
  QMMM:    22       22      H       23.6828  -23.3382   -5.1967

           --------- Calculation Completed ----------

