                       :-) GROMACS - gmx mdrun, 2023 (-:

Copyright 1991-2023 The GROMACS Authors.
GROMACS is free software; you can redistribute it and/or modify it
under the terms of the GNU Lesser General Public License
as published by the Free Software Foundation; either version 2.1
of the License, or (at your option) any later version.

                         Current GROMACS contributors:
       Mark Abraham           Andrey Alekseenko           Cathrine Bergh      
      Christian Blau            Eliane Briand             Mahesh Doijade      
    Stefan Fleischmann           Vytas Gapsys              Gaurav Garg        
      Sergey Gorelov         Gilles Gouaillardet            Alan Gray         
     M. Eric Irrgang         Farzaneh Jalalypour            Joe Jordan        
    Christoph Junghans        Prashanth Kanduri          Sebastian Keller     
     Carsten Kutzner           Justin A. Lemkul          Magnus Lundborg      
       Pascal Merz              Vedran Miletic            Dmitry Morozov      
       Szilard Pall             Roland Schulz             Michael Shirts      
     Alexey Shvetsov            Balint Soproni         David van der Spoel    
      Philip Turner             Carsten Uphoff           Alessandra Villa     
 Sebastian Wingbermuehle        Artem Zhmurov       

                         Previous GROMACS contributors:
        Emile Apol             Rossen Apostolov           James Barnett       
  Herman J.C. Berendsen          Par Bjelkmar           Viacheslav Bolnykh    
        Kevin Boyd            Aldert van Buuren          Carlo Camilloni      
     Rudi van Drunen            Anton Feenstra           Oliver Fleetwood     
     Gerrit Groenhof            Bert de Groot             Anca Hamuraru       
    Vincent Hindriksen          Victor Holanda           Aleksei Iupinov      
   Dimitrios Karkoulis           Peter Kasson             Sebastian Kehl      
        Jiri Kraus               Per Larsson              Viveca Lindahl      
      Erik Marklund           Pieter Meulenhoff           Teemu Murtola       
       Sander Pronk             Alfons Sijbers            Peter Tieleman      
       Jon Vincent             Teemu Virolainen         Christian Wennberg    
       Maarten Wolf       

                  Coordinated by the GROMACS project leaders:
                    Paul Bauer, Berk Hess, and Erik Lindahl

GROMACS:      gmx mdrun, version 2023
Executable:   /opt/software/gromacs/bin/gmx
Data prefix:  /opt/software/gromacs
Working dir:  /app/sandbox/run_20260818_180409
Process ID:   202
Command line:
  gmx mdrun -v -deffnm nvt

GROMACS version:    2023
Precision:          mixed
Memory model:       64 bit
MPI library:        thread_mpi
OpenMP support:     enabled (GMX_OPENMP_MAX_THREADS = 128)
GPU support:        CUDA
NB cluster size:    8
SIMD instructions:  AVX2_256
CPU FFT library:    fftw-3.3.8-sse2-avx-avx2-avx2_128
GPU FFT library:    cuFFT
Multi-GPU FFT:      none
RDTSCP usage:       enabled
TNG support:        enabled
Hwloc support:      disabled
Tracing support:    disabled
C compiler:         /usr/bin/cc GNU 11.4.0
C compiler flags:   -fexcess-precision=fast -funroll-all-loops -mavx2 -mfma -Wno-missing-field-initializers -O3 -DNDEBUG
C++ compiler:       /usr/bin/c++ GNU 11.4.0
C++ compiler flags: -fexcess-precision=fast -funroll-all-loops -mavx2 -mfma -Wno-missing-field-initializers -Wno-cast-function-type-strict SHELL:-fopenmp -O3 -DNDEBUG
BLAS library:       
LAPACK library:     
CUDA compiler:      /usr/local/cuda/bin/nvcc nvcc: NVIDIA (R) Cuda compiler driver;Copyright (c) 2005-2024 NVIDIA Corporation;Built on Thu_Mar_28_02:18:24_PDT_2024;Cuda compilation tools, release 12.4, V12.4.131;Build cuda_12.4.r12.4/compiler.34097967_0
CUDA compiler flags:-std=c++17;--generate-code=arch=compute_50,code=sm_50;--generate-code=arch=compute_52,code=sm_52;--generate-code=arch=compute_60,code=sm_60;--generate-code=arch=compute_61,code=sm_61;--generate-code=arch=compute_70,code=sm_70;--generate-code=arch=compute_75,code=sm_75;--generate-code=arch=compute_80,code=sm_80;--generate-code=arch=compute_86,code=sm_86;--generate-code=arch=compute_89,code=sm_89;--generate-code=arch=compute_90,code=sm_90;-Wno-deprecated-gpu-targets;--generate-code=arch=compute_53,code=sm_53;--generate-code=arch=compute_80,code=sm_80;-use_fast_math;-Xptxas;-warn-double-usage;-Xptxas;-Werror;-D_FORCE_INLINES;-fexcess-precision=fast -funroll-all-loops -mavx2 -mfma -Wno-missing-field-initializers -Wno-cast-function-type-strict SHELL:-fopenmp -O3 -DNDEBUG
CUDA driver:        0.0
CUDA runtime:       12.40


Running on 1 node with total 12 cores, 24 processing units (GPU detection failed)
Hardware detected on host a019da4b90b0:
  CPU info:
    Vendor: AMD
    Brand:  AMD Ryzen 9 7900X 12-Core Processor            
    Family: 25   Model: 97   Stepping: 2
    Features: aes amd apic avx avx2 avx512f avx512cd avx512bw avx512vl avx512bf16 avx512secondFMA clfsh cmov cx8 cx16 f16c fma htt lahf misalignsse mmx msr nonstop_tsc pclmuldq pdpe1gb popcnt pse rdrnd rdtscp sha sse2 sse3 sse4a sse4.1 sse4.2 ssse3
    Number of AVX-512 FMA units: 1 (AVX2 is faster w/o 2 AVX-512 FMA units)
  Hardware topology: Basic
    Packages, cores, and logical processors:
    [indices refer to OS logical processors]
      Package  0: [   0  12] [   1  13] [   2  14] [   3  15] [   4  16] [   5  17] [   6  18] [   7  19] [   8  20] [   9  21] [  10  22] [  11  23]
    CPU limit set by OS: -1   Recommended max number of threads: 24


++++ PLEASE READ AND CITE THE FOLLOWING REFERENCE ++++
M. J. Abraham, T. Murtola, R. Schulz, S. Páll, J. C. Smith, B. Hess, E.
Lindahl
GROMACS: High performance molecular simulations through multi-level
parallelism from laptops to supercomputers
SoftwareX 1 (2015) pp. 19-25
-------- -------- --- Thank You --- -------- --------


++++ PLEASE READ AND CITE THE FOLLOWING REFERENCE ++++
S. Páll, M. J. Abraham, C. Kutzner, B. Hess, E. Lindahl
Tackling Exascale Software Challenges in Molecular Dynamics Simulations with
GROMACS
In S. Markidis & E. Laure (Eds.), Solving Software Challenges for Exascale 8759 (2015) pp. 3-27
-------- -------- --- Thank You --- -------- --------


++++ PLEASE READ AND CITE THE FOLLOWING REFERENCE ++++
S. Pronk, S. Páll, R. Schulz, P. Larsson, P. Bjelkmar, R. Apostolov, M. R.
Shirts, J. C. Smith, P. M. Kasson, D. van der Spoel, B. Hess, and E. Lindahl
GROMACS 4.5: a high-throughput and highly parallel open source molecular
simulation toolkit
Bioinformatics 29 (2013) pp. 845-54
-------- -------- --- Thank You --- -------- --------


++++ PLEASE READ AND CITE THE FOLLOWING REFERENCE ++++
B. Hess and C. Kutzner and D. van der Spoel and E. Lindahl
GROMACS 4: Algorithms for highly efficient, load-balanced, and scalable
molecular simulation
J. Chem. Theory Comput. 4 (2008) pp. 435-447
-------- -------- --- Thank You --- -------- --------


++++ PLEASE READ AND CITE THE FOLLOWING REFERENCE ++++
D. van der Spoel, E. Lindahl, B. Hess, G. Groenhof, A. E. Mark and H. J. C.
Berendsen
GROMACS: Fast, Flexible and Free
J. Comp. Chem. 26 (2005) pp. 1701-1719
-------- -------- --- Thank You --- -------- --------


++++ PLEASE READ AND CITE THE FOLLOWING REFERENCE ++++
E. Lindahl and B. Hess and D. van der Spoel
GROMACS 3.0: A package for molecular simulation and trajectory analysis
J. Mol. Mod. 7 (2001) pp. 306-317
-------- -------- --- Thank You --- -------- --------


++++ PLEASE READ AND CITE THE FOLLOWING REFERENCE ++++
H. J. C. Berendsen, D. van der Spoel and R. van Drunen
GROMACS: A message-passing parallel molecular dynamics implementation
Comp. Phys. Comm. 91 (1995) pp. 43-56
-------- -------- --- Thank You --- -------- --------


++++ PLEASE CITE THE DOI FOR THIS VERSION OF GROMACS ++++
https://doi.org/10.5281/zenodo.7588619
-------- -------- --- Thank You --- -------- --------

Input Parameters:
   integrator                     = md
   tinit                          = 0
   dt                             = 0.002
   nsteps                         = 5000
   init-step                      = 0
   simulation-part                = 1
   mts                            = false
   comm-mode                      = Linear
   nstcomm                        = 100
   bd-fric                        = 0
   ld-seed                        = -268525793
   emtol                          = 10
   emstep                         = 0.01
   niter                          = 20
   fcstep                         = 0
   nstcgsteep                     = 1000
   nbfgscorr                      = 10
   rtpi                           = 0.05
   nstxout                        = 0
   nstvout                        = 0
   nstfout                        = 0
   nstlog                         = 500
   nstcalcenergy                  = 100
   nstenergy                      = 500
   nstxout-compressed             = 500
   compressed-x-precision         = 1000
   cutoff-scheme                  = Verlet
   nstlist                        = 20
   pbc                            = xyz
   periodic-molecules             = false
   verlet-buffer-tolerance        = 0.005
   rlist                          = 1.218
   coulombtype                    = PME
   coulomb-modifier               = Potential-shift
   rcoulomb-switch                = 0
   rcoulomb                       = 1.2
   epsilon-r                      = 1
   epsilon-rf                     = inf
   vdw-type                       = Cut-off
   vdw-modifier                   = Force-switch
   rvdw-switch                    = 1
   rvdw                           = 1.2
   DispCorr                       = No
   table-extension                = 1
   fourierspacing                 = 0.16
   fourier-nx                     = 52
   fourier-ny                     = 52
   fourier-nz                     = 56
   pme-order                      = 4
   ewald-rtol                     = 1e-05
   ewald-rtol-lj                  = 0.001
   lj-pme-comb-rule               = Geometric
   ewald-geometry                 = 3d
   epsilon-surface                = 0
   ensemble-temperature-setting   = constant
   ensemble-temperature           = 300
   tcoupl                         = V-rescale
   nsttcouple                     = 10
   nh-chain-length                = 0
   print-nose-hoover-chain-variables = false
   pcoupl                         = Berendsen
   pcoupltype                     = Isotropic
   nstpcouple                     = 100
   tau-p                          = 2
   compressibility (3x3):
      compressibility[    0]={ 4.50000e-05,  0.00000e+00,  0.00000e+00}
      compressibility[    1]={ 0.00000e+00,  4.50000e-05,  0.00000e+00}
      compressibility[    2]={ 0.00000e+00,  0.00000e+00,  4.50000e-05}
   ref-p (3x3):
      ref-p[    0]={ 1.00000e+00,  0.00000e+00,  0.00000e+00}
      ref-p[    1]={ 0.00000e+00,  1.00000e+00,  0.00000e+00}
      ref-p[    2]={ 0.00000e+00,  0.00000e+00,  1.00000e+00}
   refcoord-scaling               = COM
   posres-com (3):
      posres-com[0]= 4.97966e-01
      posres-com[1]= 4.92159e-01
      posres-com[2]= 5.24241e-01
   posres-comB (3):
      posres-comB[0]= 4.97966e-01
      posres-comB[1]= 4.92159e-01
      posres-comB[2]= 5.24241e-01
   QMMM                           = false
qm-opts:
   ngQM                           = 0
   constraint-algorithm           = Lincs
   continuation                   = true
   Shake-SOR                      = false
   shake-tol                      = 0.0001
   lincs-order                    = 4
   lincs-iter                     = 1
   lincs-warnangle                = 30
   nwall                          = 0
   wall-type                      = 9-3
   wall-r-linpot                  = -1
   wall-atomtype[0]               = -1
   wall-atomtype[1]               = -1
   wall-density[0]                = 0
   wall-density[1]                = 0
   wall-ewald-zfac                = 3
   pull                           = false
   awh                            = false
   rotation                       = false
   interactiveMD                  = false
   disre                          = No
   disre-weighting                = Conservative
   disre-mixed                    = false
   dr-fc                          = 1000
   dr-tau                         = 0
   nstdisreout                    = 100
   orire-fc                       = 0
   orire-tau                      = 0
   nstorireout                    = 100
   free-energy                    = no
   cos-acceleration               = 0
   deform (3x3):
      deform[    0]={ 0.00000e+00,  0.00000e+00,  0.00000e+00}
      deform[    1]={ 0.00000e+00,  0.00000e+00,  0.00000e+00}
      deform[    2]={ 0.00000e+00,  0.00000e+00,  0.00000e+00}
   simulated-tempering            = false
   swapcoords                     = no
   userint1                       = 0
   userint2                       = 0
   userint3                       = 0
   userint4                       = 0
   userreal1                      = 0
   userreal2                      = 0
   userreal3                      = 0
   userreal4                      = 0
   applied-forces:
     electric-field:
       x:
         E0                       = 0
         omega                    = 0
         t0                       = 0
         sigma                    = 0
       y:
         E0                       = 0
         omega                    = 0
         t0                       = 0
         sigma                    = 0
       z:
         E0                       = 0
         omega                    = 0
         t0                       = 0
         sigma                    = 0
     density-guided-simulation:
       active                     = false
       group                      = protein
       similarity-measure         = inner-product
       atom-spreading-weight      = unity
       force-constant             = 1e+09
       gaussian-transform-spreading-width = 0.2
       gaussian-transform-spreading-range-in-multiples-of-width = 4
       reference-density-filename = reference.mrc
       nst                        = 1
       normalize-densities        = true
       adaptive-force-scaling     = false
       adaptive-force-scaling-time-constant = 4
       shift-vector               = 
       transformation-matrix      = 
     qmmm-cp2k:
       active                     = false
       qmgroup                    = System
       qmmethod                   = PBE
       qmfilenames                = 
       qmcharge                   = 0
       qmmultiplicity             = 1
grpopts:
   nrdf:     6604.79     86247.2
   ref-t:         300         300
   tau-t:         0.1         0.1
annealing:          No          No
annealing-npoints:           0           0
   acc:	           0           0           0
   nfreeze:           N           N           N
   energygrp-flags[  0]: 0

Changing nstlist from 20 to 100, rlist from 1.218 to 1.332

Update task can not run on the GPU, because the following condition(s) were not satisfied:

Either PME or short-ranged non-bonded interaction tasks must run on the GPU.
Compatible GPUs must have been found.

Initializing Domain Decomposition on 24 ranks
Dynamic load balancing: auto
Using update groups, nr 15693, average size 2.9 atoms, max. radius 0.104 nm
Minimum cell size due to atom displacement: 0.651 nm
Initial maximum distances in bonded interactions:
    two-body bonded interactions: 0.420 nm, LJ-14, atoms 1681 1689
  multi-body bonded interactions: 0.420 nm, Proper Dih., atoms 1681 1689
Minimum cell size due to bonded interactions: 0.462 nm
Scaling the initial minimum size with 1/0.8 (option -dds) = 1.25
Guess for relative PME load: 0.15
Will use 20 particle-particle and 4 PME only ranks
This is a guess, check the performance at the end of the log file
Using 4 separate PME ranks, as guessed by mdrun
Optimizing the DD grid for 20 cells with a minimum initial size of 0.814 nm
The maximum allowed number of cells is: X 9 Y 9 Z 10
Domain decomposition grid 1 x 4 x 5, separate PME ranks 4
PME domain decomposition: 1 x 4 x 1
Interleaving PP and PME ranks
This rank does only particle-particle work.
Domain decomposition rank 0, coordinates 0 0 0

The initial number of communication pulses is: Y 1 Z 1
The initial domain decomposition cell size is: Y 1.99 nm Z 1.75 nm

The maximum allowed distance for atom groups involved in interactions is:
                 non-bonded interactions           1.540 nm
(the following are initial values, they could change due to box deformation)
            two-body bonded interactions  (-rdd)   1.540 nm
          multi-body bonded interactions  (-rdd)   1.540 nm

When dynamic load balancing gets turned on, these settings will change to:
The maximum number of communication pulses is: Y 2 Z 2
The minimum size for domain decomposition cells is 1.108 nm
The requested allowed shrink of DD cells (option -dds) is: 0.80
The allowed shrink of domain decomposition cells is: Y 0.56 Z 0.63
The maximum allowed distance for atom groups involved in interactions is:
                 non-bonded interactions           1.540 nm
            two-body bonded interactions  (-rdd)   1.540 nm
          multi-body bonded interactions  (-rdd)   1.108 nm

Using 24 MPI threads
Using 1 OpenMP thread per tMPI thread

System total charge: -0.000
Will do PME sum in reciprocal space for electrostatic interactions.

++++ PLEASE READ AND CITE THE FOLLOWING REFERENCE ++++
U. Essmann, L. Perera, M. L. Berkowitz, T. Darden, H. Lee and L. G. Pedersen 
A smooth particle mesh Ewald method
J. Chem. Phys. 103 (1995) pp. 8577-8592
-------- -------- --- Thank You --- -------- --------

Using a Gaussian width (1/beta) of 0.384195 nm for Ewald
Potential shift: LJ r^-12: -2.648e-01 r^-6: -5.349e-01, Ewald -8.333e-06
Initialized non-bonded Coulomb Ewald tables, spacing: 1.02e-03 size: 1176

Generated table with 1166 data points for 1-4 COUL.
Tabscale = 500 points/nm
Generated table with 1166 data points for 1-4 LJ6.
Tabscale = 500 points/nm
Generated table with 1166 data points for 1-4 LJ12.
Tabscale = 500 points/nm


Using SIMD 4x8 nonbonded short-range kernels

Using a dual 4x8 pair-list setup updated with dynamic pruning:
  outer list: updated every 100 steps, buffer 0.132 nm, rlist 1.332 nm
  inner list: updated every  14 steps, buffer 0.001 nm, rlist 1.201 nm
At tolerance 0.005 kJ/mol/ps per atom, equivalent classical 1x1 list would be:
  outer list: updated every 100 steps, buffer 0.286 nm, rlist 1.486 nm
  inner list: updated every  14 steps, buffer 0.054 nm, rlist 1.254 nm

Linking all bonded interactions to atoms


Pinning threads with an auto-selected logical cpu stride of 1

Initializing LINear Constraint Solver

++++ PLEASE READ AND CITE THE FOLLOWING REFERENCE ++++
B. Hess and H. Bekker and H. J. C. Berendsen and J. G. E. M. Fraaije
LINCS: A Linear Constraint Solver for molecular simulations
J. Comp. Chem. 18 (1997) pp. 1463-1472
-------- -------- --- Thank You --- -------- --------

The number of constraints is 1330

++++ PLEASE READ AND CITE THE FOLLOWING REFERENCE ++++
S. Miyamoto and P. A. Kollman
SETTLE: An Analytical Version of the SHAKE and RATTLE Algorithms for Rigid
Water Models
J. Comp. Chem. 13 (1992) pp. 952-962
-------- -------- --- Thank You --- -------- --------

Intra-simulation communication will occur every 10 steps.

++++ PLEASE READ AND CITE THE FOLLOWING REFERENCE ++++
G. Bussi, D. Donadio and M. Parrinello
Canonical sampling through velocity rescaling
J. Chem. Phys. 126 (2007) pp. 014101
-------- -------- --- Thank You --- -------- --------

There are: 45767 Atoms
Atom distribution over 20 domains: av 2288 stddev 130 min 2043 max 2479
Center of mass motion removal mode is Linear
We have the following groups for center of mass motion removal:
  0:  rest

Started mdrun on rank 0 Tue Aug 18 18:04:43 2026

           Step           Time
              0        0.00000

   Energies (kJ/mol)
           Bond          Angle    Proper Dih. Per. Imp. Dih.          LJ-14
    4.11016e+02    1.18819e+03    7.71202e+03    8.12004e+01    2.27047e+03
     Coulomb-14        LJ (SR)   Coulomb (SR)   Coul. recip. Position Rest.
    2.21604e+04    8.08380e+04   -7.91657e+05    3.18049e+03    1.12188e-07
      Potential    Kinetic En.   Total Energy  Conserved En.    Temperature
   -6.73815e+05    4.81865e+02   -6.73334e+05   -6.68444e+05    1.24833e+00
 Pressure (bar)   Constr. rmsd
   -5.72516e+03    1.16517e-06


DD  step 99 load imb.: force 23.0%  pme mesh/force 0.477

step 300 Turning on dynamic load balancing, because the performance loss due to load imbalance is 17.8 %.

DD  step 499  vol min/aver 0.877  load imb.: force 20.0%  pme mesh/force 0.458
           Step           Time
            500        1.00000

   Energies (kJ/mol)
           Bond          Angle    Proper Dih. Per. Imp. Dih.          LJ-14
    2.18431e+03    4.38847e+03    8.41960e+03    2.84856e+02    2.56166e+03
     Coulomb-14        LJ (SR)   Coulomb (SR)   Coul. recip. Position Rest.
    2.20781e+04    8.51807e+04   -7.13245e+05    2.70293e+03    1.00332e+03
      Potential    Kinetic En.   Total Energy  Conserved En.    Temperature
   -5.84441e+05    1.13194e+05   -4.71247e+05   -6.91630e+05    2.93244e+02
 Pressure (bar)   Constr. rmsd
   -1.64677e+01    3.40980e-06


DD  step 999  vol min/aver 0.686  load imb.: force  3.4%  pme mesh/force 0.524
           Step           Time
           1000        2.00000

   Energies (kJ/mol)
           Bond          Angle    Proper Dih. Per. Imp. Dih.          LJ-14
    2.18416e+03    4.77553e+03    8.49226e+03    3.45192e+02    2.57370e+03
     Coulomb-14        LJ (SR)   Coulomb (SR)   Coul. recip. Position Rest.
    2.18286e+04    8.19766e+04   -7.06701e+05    2.70049e+03    7.77844e+02
      Potential    Kinetic En.   Total Energy  Conserved En.    Temperature
   -5.81046e+05    1.15402e+05   -4.65644e+05   -6.91418e+05    2.98963e+02
 Pressure (bar)   Constr. rmsd
   -2.79928e+02    2.53972e-06


DD  step 1499  vol min/aver 0.657  load imb.: force  4.1%  pme mesh/force 0.533
           Step           Time
           1500        3.00000

   Energies (kJ/mol)
           Bond          Angle    Proper Dih. Per. Imp. Dih.          LJ-14
    2.12107e+03    4.93719e+03    8.46620e+03    3.55828e+02    2.55271e+03
     Coulomb-14        LJ (SR)   Coulomb (SR)   Coul. recip. Position Rest.
    2.20613e+04    8.26119e+04   -7.09650e+05    2.63818e+03    6.78743e+02
      Potential    Kinetic En.   Total Energy  Conserved En.    Temperature
   -5.83227e+05    1.15576e+05   -4.67651e+05   -6.91427e+05    2.99415e+02
 Pressure (bar)   Constr. rmsd
   -1.35704e+02    2.62371e-06


DD  step 1999  vol min/aver 0.656  load imb.: force  2.5%  pme mesh/force 0.536
           Step           Time
           2000        4.00000

   Energies (kJ/mol)
           Bond          Angle    Proper Dih. Per. Imp. Dih.          LJ-14
    2.11390e+03    4.90975e+03    8.43622e+03    3.33669e+02    2.66567e+03
     Coulomb-14        LJ (SR)   Coulomb (SR)   Coul. recip. Position Rest.
    2.22515e+04    8.01862e+04   -7.09012e+05    2.52996e+03    6.03637e+02
      Potential    Kinetic En.   Total Energy  Conserved En.    Temperature
   -5.84981e+05    1.15547e+05   -4.69435e+05   -6.91260e+05    2.99338e+02
 Pressure (bar)   Constr. rmsd
   -3.90093e+02    2.76271e-06


DD  step 2499  vol min/aver 0.644  load imb.: force  3.4%  pme mesh/force 0.520
           Step           Time
           2500        5.00000

   Energies (kJ/mol)
           Bond          Angle    Proper Dih. Per. Imp. Dih.          LJ-14
    2.08021e+03    5.07854e+03    8.42617e+03    3.52817e+02    2.58966e+03
     Coulomb-14        LJ (SR)   Coulomb (SR)   Coul. recip. Position Rest.
    2.20041e+04    8.14937e+04   -7.11458e+05    2.55421e+03    6.66108e+02
      Potential    Kinetic En.   Total Energy  Conserved En.    Temperature
   -5.86212e+05    1.16249e+05   -4.69964e+05   -6.91256e+05    3.01157e+02
 Pressure (bar)   Constr. rmsd
   -3.46764e+02    2.93425e-06


DD  step 2999  vol min/aver 0.643  load imb.: force  3.7%  pme mesh/force 0.517
           Step           Time
           3000        6.00000

   Energies (kJ/mol)
           Bond          Angle    Proper Dih. Per. Imp. Dih.          LJ-14
    2.12687e+03    5.07181e+03    8.36224e+03    3.13735e+02    2.54456e+03
     Coulomb-14        LJ (SR)   Coulomb (SR)   Coul. recip. Position Rest.
    2.19460e+04    8.00491e+04   -7.11896e+05    2.45083e+03    5.89713e+02
      Potential    Kinetic En.   Total Energy  Conserved En.    Temperature
   -5.88442e+05    1.15447e+05   -4.72994e+05   -6.91112e+05    2.99080e+02
 Pressure (bar)   Constr. rmsd
   -5.48387e+02    2.94219e-06


DD  step 3499  vol min/aver 0.643  load imb.: force  3.4%  pme mesh/force 0.509
           Step           Time
           3500        7.00000

   Energies (kJ/mol)
           Bond          Angle    Proper Dih. Per. Imp. Dih.          LJ-14
    2.01937e+03    5.21269e+03    8.36911e+03    3.51616e+02    2.56402e+03
     Coulomb-14        LJ (SR)   Coulomb (SR)   Coul. recip. Position Rest.
    2.19779e+04    8.16161e+04   -7.14617e+05    2.47970e+03    5.70796e+02
      Potential    Kinetic En.   Total Energy  Conserved En.    Temperature
   -5.89455e+05    1.15747e+05   -4.73708e+05   -6.91151e+05    2.99858e+02
 Pressure (bar)   Constr. rmsd
   -3.98900e+02    3.07577e-06


DD  step 3999  vol min/aver 0.658  load imb.: force  2.2%  pme mesh/force 0.507
           Step           Time
           4000        8.00000

   Energies (kJ/mol)
           Bond          Angle    Proper Dih. Per. Imp. Dih.          LJ-14
    1.99710e+03    5.06645e+03    8.45396e+03    3.03810e+02    2.57513e+03
     Coulomb-14        LJ (SR)   Coulomb (SR)   Coul. recip. Position Rest.
    2.20753e+04    8.09399e+04   -7.12382e+05    2.46655e+03    5.49153e+02
      Potential    Kinetic En.   Total Energy  Conserved En.    Temperature
   -5.87955e+05    1.16315e+05   -4.71640e+05   -6.91174e+05    3.01328e+02
 Pressure (bar)   Constr. rmsd
   -2.79742e+02    3.05035e-06


DD  step 4499  vol min/aver 0.663  load imb.: force  3.8%  pme mesh/force 0.510
           Step           Time
           4500        9.00000

   Energies (kJ/mol)
           Bond          Angle    Proper Dih. Per. Imp. Dih.          LJ-14
    2.10229e+03    5.02934e+03    8.37858e+03    3.38091e+02    2.53145e+03
     Coulomb-14        LJ (SR)   Coulomb (SR)   Coul. recip. Position Rest.
    2.18956e+04    8.20586e+04   -7.15518e+05    2.37158e+03    5.58157e+02
      Potential    Kinetic En.   Total Energy  Conserved En.    Temperature
   -5.90255e+05    1.14882e+05   -4.75372e+05   -6.91108e+05    2.97617e+02
 Pressure (bar)   Constr. rmsd
   -3.24879e+02    2.99660e-06


DD  step 4999  vol min/aver 0.659  load imb.: force  4.5%  pme mesh/force 0.486
           Step           Time
           5000       10.00000

Writing checkpoint, step 5000 at Tue Aug 18 18:04:57 2026


   Energies (kJ/mol)
           Bond          Angle    Proper Dih. Per. Imp. Dih.          LJ-14
    2.07796e+03    5.02500e+03    8.42015e+03    3.07594e+02    2.63276e+03
     Coulomb-14        LJ (SR)   Coulomb (SR)   Coul. recip. Position Rest.
    2.21124e+04    8.15085e+04   -7.15857e+05    2.38671e+03    5.74739e+02
      Potential    Kinetic En.   Total Energy  Conserved En.    Temperature
   -5.90812e+05    1.16557e+05   -4.74255e+05   -6.91126e+05    3.01954e+02
 Pressure (bar)   Constr. rmsd
   -2.16146e+02    2.81422e-06


Energy conservation over simulation part #1 of length 10 ps, time 0 to 10 ps
  Conserved energy drift: -4.96e-02 kJ/mol/ps per atom


	<======  ###############  ==>
	<====  A V E R A G E S  ====>
	<==  ###############  ======>

	Statistics over 5001 steps using 51 frames

   Energies (kJ/mol)
           Bond          Angle    Proper Dih. Per. Imp. Dih.          LJ-14
    2.07835e+03    4.80749e+03    8.39545e+03    3.20134e+02    2.56345e+03
     Coulomb-14        LJ (SR)   Coulomb (SR)   Coul. recip. Position Rest.
    2.20482e+04    8.30057e+04   -7.16762e+05    2.54608e+03    6.75660e+02
      Potential    Kinetic En.   Total Energy  Conserved En.    Temperature
   -5.90321e+05    1.12162e+05   -4.78159e+05   -6.90850e+05    2.90569e+02
 Pressure (bar)   Constr. rmsd
   -3.59347e+02    0.00000e+00

          Box-X          Box-Y          Box-Z
    7.75177e+00    7.84976e+00    8.63859e+00

   Total Virial (kJ/mol)
    4.31194e+04   -5.93050e+01    3.01965e+02
   -5.91127e+01    4.33413e+04    1.06345e+02
    3.01114e+02    1.04964e+02    4.29063e+04

   Pressure (bar)
   -3.52259e+02    3.86977e+00   -1.82421e+01
    3.85861e+00   -3.73120e+02   -9.27827e+00
   -1.81870e+01   -9.19059e+00   -3.52663e+02

  T-Protein_JZ4T-Water_and_ions
    2.92024e+02    2.90458e+02


	M E G A - F L O P S   A C C O U N T I N G

 NB=Group-cutoff nonbonded kernels    NxN=N-by-N cluster Verlet kernels
 RF=Reaction-Field  VdW=Van der Waals  QSTab=quadratic-spline table
 W3=SPC/TIP3p  W4=TIP4p (single or pairs)
 V&F=Potential and force  V=Potential only  F=Force only

 Computing:                               M-Number         M-Flops  % Flops
-----------------------------------------------------------------------------
 Pair Search distance check            1356.438702       12207.948     0.1
 NxN Ewald Elec. + LJ [F]            108001.936944     8424151.082    57.0
 NxN Ewald Elec. + LJ [V&F]            1113.376768      143625.603     1.0
 NxN Ewald Elec. [F]                  93681.677232     5714582.311    38.7
 NxN Ewald Elec. [V&F]                  965.731776       81121.469     0.5
 1,4 nonbonded interactions              34.561911        3110.572     0.0
 Calc Weights                           686.642301       24719.123     0.2
 Spread Q Bspline                     14648.369088       29296.738     0.2
 Gather F Bspline                     14648.369088       87890.215     0.6
 3D-FFT                               26062.601478      208500.812     1.4
 Solve PME                               54.090816        3461.812     0.0
 Reset In Box                             2.288350           6.865     0.0
 CG-CoM                                   2.334117           7.002     0.0
 Bonds                                    6.676335         393.904     0.0
 Angles                                  24.019803        4035.327     0.0
 Propers                                 41.933385        9602.745     0.1
 Impropers                                2.655531         552.350     0.0
 Pos. Restr.                              6.576315         328.816     0.0
 Virial                                   2.380017          42.840     0.0
 Stop-CM                                  2.334117          23.341     0.0
 P-Coupling                               2.334117          14.005     0.0
 Calc-Ekin                               45.858534        1238.180     0.0
 Lincs                                    6.651330         399.080     0.0
 Lincs-Mat                               36.007200         144.029     0.0
 Constraint-V                           228.925776        2060.332     0.0
 Constraint-Vir                           2.266746          54.402     0.0
 Settle                                  71.874372       26593.518     0.2
-----------------------------------------------------------------------------
 Total                                                14778164.421   100.0
-----------------------------------------------------------------------------


    D O M A I N   D E C O M P O S I T I O N   S T A T I S T I C S

 av. #atoms communicated per step for force:  2 x 96069.4


Dynamic load balancing report:
 DLB was turned on during the run due to measured imbalance.
 Average load imbalance: 5.7%.
 The balanceable part of the MD step is 90%, load imbalance is computed from this.
 Part of the total run time spent waiting due to load imbalance: 5.1%.
 Steps where the load balancing was limited by -rdd, -rcon and/or -dds: Y 0 % Z 0 %
 Average PME mesh/force load: 0.507
 Part of the total run time spent waiting due to PP/PME imbalance: 7.9 %

NOTE: 5.1 % of the available CPU time was lost due to load imbalance
      in the domain decomposition.
      You can consider manually changing the decomposition (option -dd);
      e.g. by using fewer domains along the box dimension in which there is
      considerable inhomogeneity in the simulated system.
NOTE: 7.9 % performance was lost because the PME ranks
      had less work to do than the PP ranks.
      You might want to decrease the number of PME ranks
      or decrease the cut-off and the grid spacing.


      R E A L   C Y C L E   A N D   T I M E   A C C O U N T I N G

On 20 MPI ranks doing PP, and
on 4 MPI ranks doing PME

 Activity:              Num   Num      Call    Wall time         Giga-Cycles
                        Ranks Threads  Count      (s)         total sum    %
--------------------------------------------------------------------------------
 Domain decomp.           20    1         50       0.074          6.922   0.4
 DD comm. load            20    1         50       0.001          0.048   0.0
 DD comm. bounds          20    1         48       0.009          0.824   0.1
 Send X to PME            20    1       5001       0.125         11.701   0.7
 Neighbor search          20    1         51       0.169         15.867   1.0
 Comm. coord.             20    1       4950       0.174         16.371   1.0
 Force                    20    1       5001      12.497       1172.434  72.1
 Wait + Comm. F           20    1       5001       0.921         86.362   5.3
 PME mesh *                4    1       5001       6.798        127.567   7.8
 PME wait for PP *                                 7.647        143.487   8.8
 Wait + Recv. PME F       20    1       5001       0.015          1.364   0.1
 NB X/F buffer ops.       20    1      14901       0.117         10.988   0.7
 Write traj.              20    1         11       0.012          1.083   0.1
 Update                   20    1       5001       0.023          2.198   0.1
 Constraints              20    1       5001       0.105          9.862   0.6
 Comm. energies           20    1        501       0.179         16.818   1.0
 Rest                                              0.026          2.440   0.2
--------------------------------------------------------------------------------
 Total                                            14.446       1626.338 100.0
--------------------------------------------------------------------------------
(*) Note that with separate PME ranks, the walltime column actually sums to
    twice the total reported, but the cycle count total and % are correct.
--------------------------------------------------------------------------------
 Breakdown of PME mesh activities
--------------------------------------------------------------------------------
 PME redist. X/F           4    1      10002       0.623         11.692   0.7
 PME spread                4    1       5001       2.447         45.908   2.8
 PME gather                4    1       5001       1.573         29.517   1.8
 PME 3D-FFT                4    1      10002       1.776         33.322   2.0
 PME 3D-FFT Comm.          4    1      10002       0.220          4.124   0.3
 PME solve Elec            4    1       5001       0.157          2.942   0.2
--------------------------------------------------------------------------------

               Core t (s)   Wall t (s)        (%)
       Time:      346.679       14.446     2399.9
                 (ns/day)    (hour/ns)
Performance:       59.823        0.401
Finished mdrun on rank 0 Tue Aug 18 18:04:57 2026

