2026-08-18 18:04:09,014 - Main - INFO - DynaMate - your assistant for running molecular dynamics
2026-08-18 18:04:09,014 - Main - INFO - 
=== Starting PrepAgent (Planning & Parameter Determination) ===
2026-08-18 18:04:09,014 - PrepAgent - INFO - PrepAgent initialized.
2026-08-18 18:04:09,015 - PrepAgent - INFO - Starting prep for PDB: 3HTB, Ligand: JZ4
2026-08-18 18:04:11,331 - PrepAgent - INFO - Response: None
2026-08-18 18:04:11,332 - PrepAgent - INFO - Length of tool calls: 1
2026-08-18 18:04:11,332 - PrepAgent - INFO - Executing tool: fetch_and_save_pdb with input: {'sandbox_dir': '/app/sandbox/run_20260818_180409', 'pdb_id': '3htb', 'output_pdb': '/app/sandbox/run_20260818_180409/3HTB.pdb'}
2026-08-18 18:04:12,215 - PrepAgent - INFO - Tool result: PDB 3HTB downloaded successfully to /app/sandbox/run_20260818_180409/3HTB.pdb.
2026-08-18 18:04:12,215 - PrepAgent - INFO - Structure ready: /app/sandbox/run_20260818_180409/3HTB.pdb
2026-08-18 18:04:12,215 - PrepAgent - INFO - User requested ligand: JZ4
2026-08-18 18:04:14,828 - PrepAgent - INFO - Rational for picking simulation temperature 300.0: A suitable default temperature for an MD simulation of **3HTB** is **300 K**.

### Why 300 K?
- **Physiological relevance:** 300 K is close to room temperature and commonly used as a standard reference condition for biomolecular MD.
- **Good starting point:** It provides a stable, well-tested baseline for comparing dynamics across many protein systems.
- **Avoids extra complexity:** Unless you specifically want to model a different experimental condition, 300 K is usually the safest choice for initial simulations.
- **Compatible with many pipelines:** Standard force fields, water models, and equilibration protocols are routinely parameterized and validated around this temperature.

### When you might choose something else
- **310 K** if you want a more strictly physiological human body temperature condition.
- **Lower temperatures** if you’re studying reduced flexibility or want to slow dynamics.
- **Higher temperatures** only for stability stress tests or enhanced sampling, not routine production MD.

If you want, I can also suggest a **full MD setup** for 3HTB, including solvation, ion concentration, and equilibration steps.
2026-08-18 18:04:14,829 - PrepAgent - INFO - Using simulation temperature: 300.0 K
2026-08-18 18:04:14,829 - PrepAgent - INFO - Using simulation duration: 0.01 ns
2026-08-18 18:04:14,829 - PrepAgent - INFO - Generated plan: {
  "sandbox_dir": "/app/sandbox/run_20260818_180409",
  "pdb_file_path": "/app/sandbox/run_20260818_180409/3HTB.pdb",
  "ligand": "JZ4",
  "plan": [
    {
      "step": "prepare_pdb_file_ligand",
      "description": "Clean and preprocess PDB file for protein-ligand system"
    },
    {
      "step": "add_caps",
      "description": "Add N- and C-terminal capping groups."
    },
    {
      "step": "rename_histidines",
      "description": "Rename HIS to HIE, HIP or HID."
    },
    {
      "step": "param_ligand",
      "description": "Generate ligand parameters using antechamber or acpype."
    },
    {
      "step": "run_tleap_ligand",
      "description": "Build system topology and solvate complex using tleap."
    },
    {
      "step": "gromacs_equil",
      "description": "Perform energy minimization and equilibration."
    },
    {
      "step": "gromacs_production",
      "description": "Run production MD simulation."
    },
    {
      "step": "gromacs_analysis",
      "description": "Analyse production MD simulation."
    }
  ],
  "parameters": {
    "temperature_k": 300.0,
    "duration_ns": 0.01
  }
}
2026-08-18 18:04:14,830 - Main - INFO - PrepAgent completed. Plan generated.
2026-08-18 18:04:14,830 - Main - INFO - Applying parameters: Temp=300.0K, Duration=0.01ns
2026-08-18 18:04:14,830 - Main - INFO - 
=== Starting MDAgent (Execution & Tool Loop) ===
2026-08-18 18:04:14,830 - MDAgent - INFO - MDAgent initialized.
2026-08-18 18:04:14,830 - MDAgent - INFO - === Starting Molecular Dynamics Workflow ===
2026-08-18 18:04:14,830 - MDAgent - INFO - Completed steps summary:

2026-08-18 18:04:18,978 - MDAgent - INFO - Iteration 1: 1 tool call(s)
2026-08-18 18:04:18,979 - MDAgent - INFO - Executing tool: find_input with input: {}
2026-08-18 18:04:18,979 - MDAgent - INFO - Tool result: User uploads to /app/sandbox/run_20260818_180409:
/app/sandbox/run_20260818_180409/3HTB.pdb.
2026-08-18 18:04:20,989 - MDAgent - INFO - Iteration 2: 1 tool call(s)
2026-08-18 18:04:20,990 - MDAgent - INFO - Executing tool: search_papers with input: {'query': '3HTB JZ4 ligand protonation state and crystal structure pH or assay conditions'}
2026-08-18 18:04:20,990 - MDAgent - INFO - Tool result: No PDF files found in /app/my_papers. Paper search is unavailable. Continuing without literature context..
2026-08-18 18:04:23,041 - MDAgent - INFO - Iteration 3: 1 tool call(s)
2026-08-18 18:04:23,042 - MDAgent - INFO - Executing tool: prepare_pdb_file_ligand with input: {'path': '/app/sandbox/run_20260818_180409', 'pdb_id': '3HTB', 'ligand_name': 'JZ4'}
2026-08-18 18:04:23,068 - MDAgent - INFO - Tool result: Successfully Prepared PDB structure with a ligand and saved the extracted protein PDB file to /app/sandbox/run_20260818_180409/3HTB_prepared.pdb and the protonated ligand PDB file to /app/sandbox/run_20260818_180409/JZ4_h.pdb. Ligand was protonated at pH=7 and atom names were cleaned (renumbered).
2026-08-18 18:04:24,683 - MDAgent - INFO - Iteration 4: 2 tool call(s)
2026-08-18 18:04:24,684 - MDAgent - INFO - Executing tool: add_caps with input: {'sandbox_dir': '/app/sandbox/run_20260818_180409', 'input_pdb': '3HTB_prepared.pdb', 'pdb_id': '3HTB'}
2026-08-18 18:04:24,706 - MDAgent - INFO - Tool result: Successfully added ACE and NME caps to the N- and C-termini of the protein and saved to /app/sandbox/run_20260818_180409/3HTB_prepared_capped.pdb.
2026-08-18 18:04:24,706 - MDAgent - INFO - Executing tool: rename_histidines with input: {'sandbox_dir': '/app/sandbox/run_20260818_180409', 'input_pdb': '3HTB_prepared_capped.pdb', 'pdb_id': '3HTB'}
2026-08-18 18:04:24,707 - MDAgent - INFO - Tool result: Successfully renamed histidines HIS to account for their correct protonation in the PDB files and saved to /app/sandbox/run_20260818_180409/3HTB_prepared_capped_his.pdb.
2026-08-18 18:04:26,251 - MDAgent - INFO - Iteration 5: 1 tool call(s)
2026-08-18 18:04:26,251 - MDAgent - INFO - Executing tool: param_ligand with input: {'sandbox_dir': '/app/sandbox/run_20260818_180409', 'ligand_files': ['JZ4_h.pdb'], 'ligand_name': 'JZ4'}
2026-08-18 18:04:27,754 - MDAgent - INFO - Tool result: Ligand parameterisation complete. Parameters saved to /app/sandbox/run_20260818_180409/JZ4_h.prepi and /app/sandbox/run_20260818_180409/JZ4_h.frcmod.
2026-08-18 18:04:29,336 - MDAgent - INFO - Iteration 6: 1 tool call(s)
2026-08-18 18:04:29,336 - MDAgent - INFO - Executing tool: run_tleap_ligand with input: {'input_pdb': '3HTB_prepared_capped_his.pdb', 'sandbox_dir': '/app/sandbox/run_20260818_180409', 'pdb_id': '3HTB', 'ligand_files': ['JZ4_h.pdb'], 'ligand_name': 'JZ4'}
2026-08-18 18:04:32,487 - MDAgent - INFO - Tool result: tleap ran successfully with output: -I: Adding /opt/software/ambertools25/dat/leap/prep to search path.
-I: Adding /opt/software/ambertools25/dat/leap/lib to search path.
-I: Adding /opt/software/ambertools25/dat/leap/parm to search path.
-I: Adding /opt/software/ambertools25/dat/leap/cmd to search path.
-f: Source leap.in.

Welcome to LEaP!
(no leaprc in search path)
Sourcing: ./leap.in
----- Source: /opt/software/ambertools25/dat/leap/cmd/leaprc.protein.ff14SB
----- Source of /opt/software/ambertools25/dat/leap/cmd/leaprc.protein.ff14SB done
Log file: ./leap.log
Loading parameters: /opt/software/ambertools25/dat/leap/parm/parm10.dat
Reading title:
PARM99 + frcmod.ff99SB + frcmod.parmbsc0 + OL3 for RNA
Loading parameters: /opt/software/ambertools25/dat/leap/parm/frcmod.ff14SB
Reading force field modification type file (frcmod)
Reading title:
ff14SB protein backbone and sidechain parameters
Loading library: /opt/software/ambertools25/dat/leap/lib/amino12.lib
Loading library: /opt/software/ambertools25/dat/leap/lib/aminoct12.lib
Loading library: /opt/software/ambertools25/dat/leap/lib/aminont12.lib
----- Source: /opt/software/ambertools25/dat/leap/cmd/leaprc.gaff
----- Source of /opt/software/ambertools25/dat/leap/cmd/leaprc.gaff done
Log file: ./leap.log
Loading parameters: /opt/software/ambertools25/dat/leap/parm/gaff.dat
Reading title:
AMBER General Force Field for organic molecules (Version 1.81, May 2017)
----- Source: /opt/software/ambertools25/dat/leap/cmd/leaprc.water.tip3p
----- Source of /opt/software/ambertools25/dat/leap/cmd/leaprc.water.tip3p done
Loading library: /opt/software/ambertools25/dat/leap/lib/atomic_ions.lib
Loading library: /opt/software/ambertools25/dat/leap/lib/solvents.lib
Loading parameters: /opt/software/ambertools25/dat/leap/parm/frcmod.tip3p
Reading force field modification type file (frcmod)
Reading title:
This is the additional/replacement parameter set for TIP3P water
Loading parameters: /opt/software/ambertools25/dat/leap/parm/frcmod.ions1lm_126_tip3p
Reading force field modification type file (frcmod)
Reading title:
Li/Merz ion parameters of monovalent ions for TIP3P water model (12-6 normal usage set)
Loading parameters: /opt/software/ambertools25/dat/leap/parm/frcmod.ionsjc_tip3p
Reading force field modification type file (frcmod)
Reading title:
Monovalent ion parameters for Ewald and TIP3P water from Joung & Cheatham JPCB (2008)
Loading parameters: /opt/software/ambertools25/dat/leap/parm/frcmod.ions234lm_126_tip3p
Reading force field modification type file (frcmod)
Reading title:
Li/Merz ion parameters of divalent to tetravalent ions for TIP3P water model (12-6 normal usage set)
Loading Prep file: /app/sandbox/run_20260818_180409/JZ4_h.prepi
Loading parameters: /app/sandbox/run_20260818_180409/JZ4_h.frcmod
Reading force field modification type file (frcmod)
Reading title:
Remark line goes here
Loading PDB file: /app/sandbox/run_20260818_180409/complex.pdb
-- residue 2: duplicate [ CA] atoms (total 2)
-- residue 2: duplicate [ CB] atoms (total 2)
-- residue 2: duplicate [ CE] atoms (total 2)
-- residue 2: duplicate [ CG] atoms (total 2)
-- residue 2: duplicate [ SD] atoms (total 2)
-- residue 22: duplicate [ CA] atoms (total 2)
-- residue 22: duplicate [ CB] atoms (total 2)
-- residue 22: duplicate [ CG2] atoms (total 2)
-- residue 22: duplicate [ OG1] atoms (total 2)
-- residue 25: duplicate [ CA] atoms (total 2)
-- residue 25: duplicate [ CB] atoms (total 2)
-- residue 25: duplicate [ CD1] atoms (total 2)
-- residue 25: duplicate [ CD2] atoms (total 2)
-- residue 25: duplicate [ CE1] atoms (total 2)
-- residue 25: duplicate [ CE2] atoms (total 2)
-- residue 25: duplicate [ CG] atoms (total 2)
-- residue 25: duplicate [ CZ] atoms (total 2)
-- residue 25: duplicate [ OH] atoms (total 2)
-- residue 69: duplicate [ CA] atoms (total 2)
-- residue 69: duplicate [ CB] atoms (total 2)
-- residue 69: duplicate [ CG] atoms (total 2)
-- residue 69: duplicate [ ND2] atoms (total 2)
-- residue 69: duplicate [ OD1] atoms (total 2)
-- residue 73: duplicate [ CA] atoms (total 2)
-- residue 73: duplicate [ CB] atoms (total 2)
-- residue 73: duplicate [ CG] atoms (total 2)
-- residue 73: duplicate [ OD1] atoms (total 2)
-- residue 73: duplicate [ OD2] atoms (total 2)
-- residue 81: duplicate [ CA] atoms (total 2)
-- residue 81: duplicate [ CB] atoms (total 2)
-- residue 81: duplicate [ CD] atoms (total 2)
-- residue 81: duplicate [ CG] atoms (total 2)
-- residue 81: duplicate [ CZ] atoms (total 2)
-- residue 81: duplicate [ NE] atoms (total 2)
-- residue 81: duplicate [ NH1] atoms (total 2)
-- residue 81: duplicate [ NH2] atoms (total 2)
-- residue 97: duplicate [ CA] atoms (total 2)
-- residue 97: duplicate [ CB] atoms (total 2)
-- residue 97: duplicate [ CD] atoms (total 2)
-- residue 97: duplicate [ CG] atoms (total 2)
-- residue 97: duplicate [ CZ] atoms (total 2)
-- residue 97: duplicate [ NE] atoms (total 2)
-- residue 97: duplicate [ NH1] atoms (total 2)
-- residue 97: duplicate [ NH2] atoms (total 2)
-- residue 103: duplicate [ CA] atoms (total 2)
-- residue 103: duplicate [ CB] atoms (total 2)
-- residue 103: duplicate [ CD] atoms (total 2)
-- residue 103: duplicate [ CG] atoms (total 2)
-- residue 103: duplicate [ NE2] atoms (total 2)
-- residue 103: duplicate [ OE1] atoms (total 2)
-- residue 148: duplicate [ CA] atoms (total 2)
-- residue 148: duplicate [ CB] atoms (total 2)
-- residue 148: duplicate [ CD] atoms (total 2)
-- residue 148: duplicate [ CE] atoms (total 2)
-- residue 148: duplicate [ CG] atoms (total 2)
-- residue 148: duplicate [ NZ] atoms (total 2)
-- residue 155: duplicate [ CA] atoms (total 2)
-- residue 155: duplicate [ CB] atoms (total 2)
-- residue 155: duplicate [ CD] atoms (total 2)
-- residue 155: duplicate [ CG] atoms (total 2)
-- residue 155: duplicate [ CZ] atoms (total 2)
-- residue 155: duplicate [ NE] atoms (total 2)
-- residue 155: duplicate [ NH1] atoms (total 2)
-- residue 155: duplicate [ NH2] atoms (total 2)

/opt/software/ambertools25/bin/teLeap: Warning!
Atom names in each residue should be unique.
     (Same-name atoms are handled by using the first
      occurrence and by ignoring the rest.
      Many instances of duplicate atom names usually come
      from alternate conformations in the PDB file.)

  total atoms in file: 1391
  Leap added 1318 missing atoms according to residue templates:
       1318 H / lone pairs
  Solute vdw bounding box:              43.540 44.621 52.972
  Total bounding box for atom centers:  75.540 76.621 84.972
  Solvent unit box:                     18.774 18.774 18.774
  Total vdw box size:                   78.672 79.666 87.672 angstroms.
  Volume: 549487.920 A^3 
  Total mass 277737.698 amu,  Density 0.839 g/cc
  Added 14378 residues.
6 Cl- ions required to neutralize.
Adding 6 counter ions to "mol" using 1A grid
Grid extends from solute vdw + 4.81  to  10.81
Resolution:      1.00 Angstrom.
Solvent present: replacing closest with ion
	 when steric overlaps occur
Calculating grid charges
(Replacing solvent molecule)
Placed Cl- in mol at (-4.58, 21.62, -5.23).
(Replacing solvent molecule)
Placed Cl- in mol at (7.55, -11.88, 24.81).
(Replacing solvent molecule)
Placed Cl- in mol at (6.96, -21.68, 14.04).
(Replacing solvent molecule)
Placed Cl- in mol at (8.19, 18.39, -3.97).
(Replacing solvent molecule)
Placed Cl- in mol at (-6.33, 5.11, 22.66).
(Replacing solvent molecule)
Placed Cl- in mol at (-1.13, -22.23, -6.90).

Done adding ions.
 0.000001 0 1 0
0 Na+ ion required to neutralize.
Adding 0 counter ions to "mol" using 1A grid
Checking Unit.
Building topology.
Building atom parameters.
Building bond parameters.
Building angle parameters.
Building proper torsion parameters.
Building improper torsion parameters.
old PREP-specified impropers:
 <JZ4 166>:  C7   C4   C5   O1  
 <JZ4 166>:  C5   C3   C4   H6  
 <JZ4 166>:  C2   C4   C3   H5  
 <JZ4 166>:  C6   C3   C2   H4  
 <JZ4 166>:  C2   C7   C6   H7  
 <JZ4 166>:  C8   C6   C7   C5  
 total 537 improper torsions applied
 6 improper torsions in old prep form
Building H-Bond parameters.
Incorporating Non-Bonded adjustments.
Not Marking per-residue atom chain types.
Marking per-residue atom chain types.
  (Residues lacking connect0/connect1 - 
   these don't have chain types marked:

	res	total affected

	WAT	14372
  )
 (no restraints)
Writing pdb file: /app/sandbox/run_20260818_180409/complex_tleap.pdb
   printing CRYST1 record to PDB file with box info
	Quit

Exiting LEaP: Errors = 0; Warnings = 1; Notes = 0.
. 
 New files added: /app/sandbox/run_20260818_180409/topol.top, /app/sandbox/run_20260818_180409/complex.gro.
2026-08-18 18:04:33,698 - MDAgent - INFO - Iteration 7: 1 tool call(s)
2026-08-18 18:04:33,698 - MDAgent - INFO - Executing tool: gromacs_equil with input: {'sandbox_dir': '/app/sandbox/run_20260818_180409', 'input_gro': 'complex.gro', 'md_temp': '300.0', 'ligand_name': 'JZ4', 'ligand_files': ['JZ4_h.pdb']}
2026-08-18 18:05:14,519 - MDAgent - INFO - Tool result: Equilibration ran successfully. Full GROMACS output:
Starting GROMACS Equilibration Log
                       :-) GROMACS - gmx grompp, 2023 (-:

Executable:   /opt/software/gromacs/bin/gmx
Data prefix:  /opt/software/gromacs
Working dir:  /app/sandbox/run_20260818_180409
Command line:
  gmx grompp -f em.mdp -c complex.gro -p topol.top -o em.tpr

Ignoring obsolete mdp entry 'title'
Ignoring obsolete mdp entry 'ns_type'

NOTE 1 [file em.mdp]:
  With Verlet lists the optimal nstlist is >= 10, with GPUs >= 20. Note
  that with the Verlet scheme, nstlist has no effect on the accuracy of
  your simulation.

Generating 1-4 interactions: fudge = 0.5
Number of degrees of freedom in T-Coupling group rest is 94182.00
The integrator does not provide a ensemble temperature, there is no system ensemble temperature

There was 1 NOTE


Setting the LD random seed to -553885778

Generated 903 of the 903 non-bonded parameter combinations

Generated 903 of the 903 1-4 parameter combinations

Excluding 3 bonded neighbours molecule type 'system1'

Excluding 3 bonded neighbours molecule type 'JZ4'

Excluding 3 bonded neighbours molecule type 'Cl-'

Excluding 3 bonded neighbours molecule type 'WAT'
Analysing residue names:
There are:   165    Protein residues
There are:     7      Other residues
There are: 14372      Water residues
Analysing Protein...
Analysing residues not classified as Protein/DNA/RNA/Water and splitting into groups...

The largest distance between excluded atoms is 0.419 nm between atom 1878 and 1885
Calculating fourier grid dimensions for X Y Z
Using a fourier grid of 72x72x80, spacing 0.109 0.111 0.110

Estimate for the relative computational load of the PME mesh part: 0.23

This run will generate roughly 4 Mb of data
                       :-) GROMACS - gmx mdrun, 2023 (-:

Executable:   /opt/software/gromacs/bin/gmx
Data prefix:  /opt/software/gromacs
Working dir:  /app/sandbox/run_20260818_180409
Command line:
  gmx mdrun -v -deffnm em

Reading file em.tpr, VERSION 2023 (single precision)
Using 24 MPI threads
Using 1 OpenMP thread per tMPI thread



Steepest Descents converged to Fmax < 1000 in 769 steps
Potential Energy  = -6.7382175e+05
Maximum force     =  9.8124292e+02 on atom 1117
Norm of force     =  2.2034513e+01


                       :-) GROMACS - gmx energy, 2023 (-:

Executable:   /opt/software/gromacs/bin/gmx
Data prefix:  /opt/software/gromacs
Working dir:  /app/sandbox/run_20260818_180409
Command line:
  gmx energy -f em.edr -o potential.xvg

Opened em.edr as single precision energy file

Select the terms you want from the following list by
selecting either (part of) the name or the number or a combination.
End your selection with an empty line or a zero.
-------------------------------------------------------------------
  1  Bond             2  Angle            3  Proper-Dih.      4  Per.-Imp.-Dih.
  5  LJ-14            6  Coulomb-14       7  LJ-(SR)          8  Coulomb-(SR)  
  9  Coul.-recip.    10  Potential       11  Pressure        12  Vir-XX        
 13  Vir-XY          14  Vir-XZ          15  Vir-YX          16  Vir-YY        
 17  Vir-YZ          18  Vir-ZX          19  Vir-ZY          20  Vir-ZZ        
 21  Pres-XX         22  Pres-XY         23  Pres-XZ         24  Pres-YX       
 25  Pres-YY         26  Pres-YZ         27  Pres-ZX         28  Pres-ZY       
 29  Pres-ZZ         30  #Surf*SurfTen   31  T-rest        


Reading energy frame      0 time    0.000         
Reading energy frame      1 time    1.000         
Reading energy frame      2 time    2.000         
Reading energy frame      3 time    3.000         
Reading energy frame      4 time    4.000         
Reading energy frame      5 time    5.000         
Reading energy frame      6 time    6.000         
Reading energy frame      7 time    7.000         
Reading energy frame      8 time    8.000         
Reading energy frame      9 time    9.000         
Reading energy frame     10 time   11.000         
Reading energy frame     11 time   12.000         
Reading energy frame     12 time   13.000         
Reading energy frame     13 time   15.000         
Reading energy frame     14 time   16.000         
Reading energy frame     15 time   17.000         
Reading energy frame     16 time   19.000         
Reading energy frame     17 time   20.000         
Reading energy frame     18 time   21.000         
Reading energy frame     19 time   23.000         
Reading energy frame     20 time   24.000         
Reading energy frame     30 time   36.000         
Reading energy frame     40 time   49.000         
Reading energy frame     50 time   62.000         
Reading energy frame     60 time   75.000         
Reading energy frame     70 time   87.000         
Reading energy frame     80 time  100.000         
Reading energy frame     90 time  113.000         
Reading energy frame    100 time  125.000         
Reading energy frame    110 time  138.000         
Reading energy frame    120 time  151.000         
Readi... truncated ... rmance:       56.047        0.428


'npt.gro' created
                       :-) GROMACS - gmx energy, 2023 (-:

Executable:   /opt/software/gromacs/bin/gmx
Data prefix:  /opt/software/gromacs
Working dir:  /app/sandbox/run_20260818_180409
Command line:
  gmx energy -f npt.edr -o pressure.xvg

Opened npt.edr as single precision energy file

Select the terms you want from the following list by
selecting either (part of) the name or the number or a combination.
End your selection with an empty line or a zero.
-------------------------------------------------------------------
  1  Bond             2  Angle            3  Proper-Dih.      4  Per.-Imp.-Dih.
  5  LJ-14            6  Coulomb-14       7  LJ-(SR)          8  Coulomb-(SR)  
  9  Coul.-recip.    10  Position-Rest.  11  Potential       12  Kinetic-En.   
 13  Total-Energy    14  Conserved-En.   15  Temperature     16  Pressure      
 17  Constr.-rmsd    18  Box-X           19  Box-Y           20  Box-Z         
 21  Volume          22  Density         23  pV              24  Enthalpy      
 25  Vir-XX          26  Vir-XY          27  Vir-XZ          28  Vir-YX        
 29  Vir-YY          30  Vir-YZ          31  Vir-ZX          32  Vir-ZY        
 33  Vir-ZZ          34  Pres-XX         35  Pres-XY         36  Pres-XZ       
 37  Pres-YX         38  Pres-YY         39  Pres-YZ         40  Pres-ZX       
 41  Pres-ZY         42  Pres-ZZ         43  #Surf*SurfTen   44  T-Protein_JZ4 
 45  T-Water_and_ions                    46  Lamb-Protein_JZ4                  
 47  Lamb-Water_and_ions               


Reading energy frame      0 time    0.000         
Reading energy frame      1 time    1.000         
Reading energy frame      2 time    2.000         
Reading energy frame      3 time    3.000         
Reading energy frame      4 time    4.000         
Reading energy frame      5 time    5.000         
Reading energy frame      6 time    6.000         
Reading energy frame      7 time    7.000         
Reading energy frame      8 time    8.000         
Reading energy frame      9 time    9.000         
Reading energy frame     10 time   10.000         
Last energy frame read 10 time   10.000         



Statistics over 5001 steps [ 0.0000 through 10.0000 ps ], 1 data sets
All statistics are over 51 points

Energy                      Average   Err.Est.       RMSD  Tot-Drift
-------------------------------------------------------------------------------
Pressure                   -263.848         18    122.568    78.4746  (bar)
                       :-) GROMACS - gmx energy, 2023 (-:

Executable:   /opt/software/gromacs/bin/gmx
Data prefix:  /opt/software/gromacs
Working dir:  /app/sandbox/run_20260818_180409
Command line:
  gmx energy -f npt.edr -o density.xvg

Opened npt.edr as single precision energy file

Select the terms you want from the following list by
selecting either (part of) the name or the number or a combination.
End your selection with an empty line or a zero.
-------------------------------------------------------------------
  1  Bond             2  Angle            3  Proper-Dih.      4  Per.-Imp.-Dih.
  5  LJ-14            6  Coulomb-14       7  LJ-(SR)          8  Coulomb-(SR)  
  9  Coul.-recip.    10  Position-Rest.  11  Potential       12  Kinetic-En.   
 13  Total-Energy    14  Conserved-En.   15  Temperature     16  Pressure      
 17  Constr.-rmsd    18  Box-X           19  Box-Y           20  Box-Z         
 21  Volume          22  Density         23  pV              24  Enthalpy      
 25  Vir-XX          26  Vir-XY          27  Vir-XZ          28  Vir-YX        
 29  Vir-YY          30  Vir-YZ          31  Vir-ZX          32  Vir-ZY        
 33  Vir-ZZ          34  Pres-XX         35  Pres-XY         36  Pres-XZ       
 37  Pres-YX         38  Pres-YY         39  Pres-YZ         40  Pres-ZX       
 41  Pres-ZY         42  Pres-ZZ         43  #Surf*SurfTen   44  T-Protein_JZ4 
 45  T-Water_and_ions                    46  Lamb-Protein_JZ4                  
 47  Lamb-Water_and_ions               


Reading energy frame      0 time    0.000         
Reading energy frame      1 time    1.000         
Reading energy frame      2 time    2.000         
Reading energy frame      3 time    3.000         
Reading energy frame      4 time    4.000         
Reading energy frame      5 time    5.000         
Reading energy frame      6 time    6.000         
Reading energy frame      7 time    7.000         
Reading energy frame      8 time    8.000         
Reading energy frame      9 time    9.000         
Reading energy frame     10 time   10.000         
Last energy frame read 10 time   10.000         



Statistics over 5001 steps [ 0.0000 through 10.0000 ps ], 1 data sets
All statistics are over 51 points

Energy                      Average   Err.Est.       RMSD  Tot-Drift
-------------------------------------------------------------------------------
Density                     940.659        8.1     16.743    56.8292  (kg/m^3)
.
2026-08-18 18:05:16,420 - MDAgent - INFO - Iteration 8: 1 tool call(s)
2026-08-18 18:05:16,420 - MDAgent - INFO - Executing tool: gromacs_production with input: {'sandbox_dir': '/app/sandbox/run_20260818_180409', 'input_gro': 'npt.gro', 'npt_cpt_file': 'npt.cpt', 'md_temp': '300.0', 'md_duration': '0.01', 'ligand_name': 'JZ4'}
2026-08-18 18:05:33,234 - MDAgent - INFO - Tool result: Production ran successfully. Full GROMACS output:
                       :-) GROMACS - gmx grompp, 2023 (-:

Executable:   /opt/software/gromacs/bin/gmx
Data prefix:  /opt/software/gromacs
Working dir:  /app/sandbox/run_20260818_180409
Command line:
  gmx grompp -f md.mdp -c npt.gro -t npt.cpt -p topol.top -n index.ndx -o md.tpr

Ignoring obsolete mdp entry 'title'
Ignoring obsolete mdp entry 'ns_type'
Generating 1-4 interactions: fudge = 0.5
Number of degrees of freedom in T-Coupling group Protein_JZ4 is 6604.79
Number of degrees of freedom in T-Coupling group Water_and_ions is 86247.21

Last frame         -1 time   10.000   


Setting the LD random seed to 2055208431

Generated 903 of the 903 non-bonded parameter combinations

Generated 903 of the 903 1-4 parameter combinations

Excluding 3 bonded neighbours molecule type 'system1'

turning H bonds into constraints...

Excluding 3 bonded neighbours molecule type 'JZ4'

turning H bonds into constraints...

Excluding 3 bonded neighbours molecule type 'Cl-'

turning H bonds into constraints...

Excluding 3 bonded neighbours molecule type 'WAT'

turning H bonds into constraints...

The largest distance between excluded atoms is 0.434 nm between atom 96 and 103

Determining Verlet buffer for a tolerance of 0.005 kJ/mol/ps at 300 K

Calculated rlist for 1x1 atom pair-list as 1.294 nm, buffer size 0.094 nm

Set rlist, assuming 4x4 atom pair-list, to 1.222 nm, buffer size 0.022 nm

Note that mdrun will redetermine rlist based on the actual pair-list setup

Reading Coordinates, Velocities and Box size from old trajectory

Will read whole trajectory

Using frame at t = 10 ps

Starting time for run is 0 ps
Calculating fourier grid dimensions for X Y Z
Using a fourier grid of 48x48x56, spacing 0.156 0.158 0.149

Estimate for the relative computational load of the PME mesh part: 0.15

This run will generate roughly 4 Mb of data
                       :-) GROMACS - gmx mdrun, 2023 (-:

Executable:   /opt/software/gromacs/bin/gmx
Data prefix:  /opt/software/gromacs
Working dir:  /app/sandbox/run_20260818_180409
Command line:
  gmx mdrun -v -deffnm md

Reading file md.tpr, VERSION 2023 (single precision)
Changing nstlist from 20 to 80, rlist from 1.222 to 1.318

Using 24 MPI threads
Using 1 OpenMP thread per tMPI thread


step 5000, remaining wall clock time:     0 s          

Dynamic load balancing report:
 DLB was turned on during the run due to measured imbalance.
 Average load imbalance: 4.3%.
 The balanceable part of the MD step is 91%, load imbalance is computed from this.
 Part of the total run time spent waiting due to load imbalance: 4.0%.
 Steps where the load balancing was limited by -rdd, -rcon and/or -dds: Y 0 % Z 0 %
 Average PME mesh/force load: 0.415
 Part of the total run time spent waiting due to PP/PME imbalance: 9.3 %

NOTE: 9.3 % performance was lost because the PME ranks
      had less work to do than the PP ranks.
      You might want to decrease the number of PME ranks
      or decrease the cut-off and the grid spacing.


               Core t (s)   Wall t (s)        (%)
       Time:      378.422       15.768     2399.9
                 (ns/day)    (hour/ns)
Performance:       54.806        0.438


.
2026-08-18 18:05:36,126 - MDAgent - INFO - Iteration 9: 1 tool call(s)
2026-08-18 18:05:36,126 - MDAgent - INFO - Executing tool: gromacs_analysis with input: {'sandbox_dir': '/app/sandbox/run_20260818_180409', 'pdb_id': '3HTB', 'input_xtc': 'md.xtc', 'ligand_name': 'JZ4'}
2026-08-18 18:05:36,548 - MDAgent - INFO - Tool result: Analysis plots produced successfully. Full GROMACS output:
                      :-) GROMACS - gmx trjconv, 2023 (-:

Executable:   /opt/software/gromacs/bin/gmx
Data prefix:  /opt/software/gromacs
Working dir:  /app/sandbox/run_20260818_180409
Command line:
  gmx trjconv -s md.tpr -f md.xtc -o md_noPBC.xtc -pbc mol -center

Will write xtc: Compressed trajectory (portable xdr format): xtc
Reading file md.tpr, VERSION 2023 (single precision)
Reading file md.tpr, VERSION 2023 (single precision)
Group     0 (         System) has 45767 elements
Group     1 (        Protein) has  2623 elements
Group     2 (      Protein-H) has  1305 elements
Group     3 (        C-alpha) has   163 elements
Group     4 (       Backbone) has   492 elements
Group     5 (      MainChain) has   656 elements
Group     6 (   MainChain+Cb) has   808 elements
Group     7 (    MainChain+H) has   823 elements
Group     8 (      SideChain) has  1800 elements
Group     9 (    SideChain-H) has   649 elements
Group    10 (    Prot-Masses) has  2623 elements
Group    11 (    non-Protein) has 43144 elements
Group    12 (          Other) has    28 elements
Group    13 (            JZ4) has    22 elements
Group    14 (            Cl-) has     6 elements
Group    15 (          Water) has 43116 elements
Group    16 (            SOL) has 43116 elements
Group    17 (      non-Water) has  2651 elements
Select a group: Group     0 (         System) has 45767 elements
Group     1 (        Protein) has  2623 elements
Group     2 (      Protein-H) has  1305 elements
Group     3 (        C-alpha) has   163 elements
Group     4 (       Backbone) has   492 elements
Group     5 (      MainChain) has   656 elements
Group     6 (   MainChain+Cb) has   808 elements
Group     7 (    MainChain+H) has   823 elements
Group     8 (      SideChain) has  1800 elements
Group     9 (    SideChain-H) has   649 elements
Group    10 (    Prot-Masses) has  2623 elements
Group    11 (    non-Protein) has 43144 elements
Group    12 (          Other) has    28 elements
Group    13 (            JZ4) has    22 elements
Group    14 (            Cl-) has     6 elements
Group    15 (          Water) has 43116 elements
Group    16 (            SOL) has 43116 elements
Group    17 (      non-Water) has  2651 elements
Select a group: 
Reading frame       0 time    0.000   
Precision of md.xtc is 0.001 (nm)
Using output precision of 0.001 (nm)

Reading frame       1 time   10.000    ->  frame      0 time    0.000      

Last frame          1 time   10.000   
 ->  frame      1 time   10.000      
Last written: frame      1 time   10.000


GROMACS reminds you: "Unfortunately, "simulation" has become increasingly misused to mean nothing more than "calculation"" (Bill Jorgensen)

Note that major changes are planned in future for trjconv, to improve usability and utility.
Select group for centering
Selected 1: 'Protein'
Select group for output
Selected 0: 'System'
                        :-) GROMACS - gmx rms, 2023 (-:

Executable:   /opt/software/gromacs/bin/gmx
Data prefix:  /opt/software/gromacs
Working dir:  /app/sandbox/run_20260818_180409
Command line:
  gmx rms -s md.tpr -f md_noPBC.xtc -o rmsd.xvg -tu ns

Reading file md.tpr, VERSION 2023 (single precision)
Reading file md.tpr, VERSION 2023 (single precision)
Select group for least squares fit
Group     0 (         System) has 45767 elements
Group     1 (        Protein) has  2623 elements
Group     2 (      Protein-H) has  1305 elements
Group     3 (        C-alpha) has   163 elements
Group     4 (       Backbone) has   492 elements
Group     5 (      MainChain) has   656 elements
Group     6 (   MainChain+Cb) has   808 elements
Group     7 (    MainChain+H) has   823 elements
Group     8 (      SideChain) has  1800 elements
Group     9 (    SideChain-H) has   649 elements
Group    10 (    Prot-Masses) has  2623 elements
Group    11 (    non-Protein) has 43144 elements
Group    12 (          Other) has    28 elements
Group    13 (            JZ4) has    22 elements
Group    14 (            Cl-) has     6 elements
Group    15 (          Water) has 43116 elements
Group    16 (            SOL) has 43116 elements
Group    17 (      non-Water) has  2651 elements
Select a group: Select group for RMSD calculation
Group     0 (         System) has 45767 elements
Group     1 (        Protein) has  2623 elements
Group     2 (      Protein-H) has  1305 elements
Group     3 (        C-alpha) has   163 elements
Group     4 (       Backbone) has   492 elements
Group     5 (      MainChain) has   656 elements
Group     6 (   MainChain+Cb) has   808 elements
Group     7 (    MainChain+H) has   823 elements
Group     8 (      SideChain) has  1800 elements
Group     9 (    SideChain-H) has   649 elements
Group    10 (    Prot-Masses) has  2623 elements
Group    11 (    non-Protein) has 43144 elements
Group    12 (          Other) has    28 elements
Group    13 (            JZ4) has    22 elements
Group    14 (            Cl-) has     6 elements
Group  ... truncated ...     7 (    MainChain+H) has   823 elements
Group     8 (      SideChain) has  1800 elements
Group     9 (    SideChain-H) has   649 elements
Group    10 (    Prot-Masses) has  2623 elements
Group    11 (    non-Protein) has 43144 elements
Group    12 (          Other) has    28 elements
Group    13 (            JZ4) has    22 elements
Group    14 (            Cl-) has     6 elements
Group    15 (          Water) has 43116 elements
Group    16 (            SOL) has 43116 elements
Group    17 (      non-Water) has  2651 elements
Select a group: Select a group: Calculating hydrogen bonds in SideChain (1800 atoms)

Reading frame       0 time    0.000   Specify 2 groups to analyze:
Selected 8: 'SideChain'
Selected 8: 'SideChain'
Found 95 donors and 153 acceptors

Will do grid-search on 17x18x19 grid, rcut=0.34999999
Frame loop parallelized with OpenMP using 24 threads.

Reading frame       1 time    0.010   
Last frame          1 time    0.010   

GROMACS reminds you: "Unfortunately, "simulation" has become increasingly misused to mean nothing more than "calculation"" (Bill Jorgensen)

Average number of hbonds per timeframe 25.000 out of 7267.5 possible
                       :-) GROMACS - gmx hbond, 2023 (-:

Executable:   /opt/software/gromacs/bin/gmx
Data prefix:  /opt/software/gromacs
Working dir:  /app/sandbox/run_20260818_180409
Command line:
  gmx hbond -s md.tpr -f md_noPBC.xtc -tu ns -num hbnum_prot_wat.xvg

Reading file md.tpr, VERSION 2023 (single precision)
Group     0 (         System) has 45767 elements
Group     1 (        Protein) has  2623 elements
Group     2 (      Protein-H) has  1305 elements
Group     3 (        C-alpha) has   163 elements
Group     4 (       Backbone) has   492 elements
Group     5 (      MainChain) has   656 elements
Group     6 (   MainChain+Cb) has   808 elements
Group     7 (    MainChain+H) has   823 elements
Group     8 (      SideChain) has  1800 elements
Group     9 (    SideChain-H) has   649 elements
Group    10 (    Prot-Masses) has  2623 elements
Group    11 (    non-Protein) has 43144 elements
Group    12 (          Other) has    28 elements
Group    13 (            JZ4) has    22 elements
Group    14 (            Cl-) has     6 elements
Group    15 (          Water) has 43116 elements
Group    16 (            SOL) has 43116 elements
Group    17 (      non-Water) has  2651 elements
Select a group: Select a group: 
Reading frame       0 time    0.000   Specify 2 groups to analyze:
Selected 1: 'Protein'
Selected 15: 'Water'
Checking for overlap in atoms between Protein and Water
Calculating hydrogen bonds between Protein (2623 atoms) and Water (43116 atoms)
Found 14628 donors and 14853 acceptors

Will do grid-search on 17x18x19 grid, rcut=0.34999999
Frame loop parallelized with OpenMP using 24 threads.

Reading frame       1 time    0.010   
Last frame          1 time    0.010   

GROMACS reminds you: "Unfortunately, "simulation" has become increasingly misused to mean nothing more than "calculation"" (Bill Jorgensen)

Average number of hbonds per timeframe 337.000 out of 1.08635e+08 possible
                       :-) GROMACS - gmx hbond, 2023 (-:

Executable:   /opt/software/gromacs/bin/gmx
Data prefix:  /opt/software/gromacs
Working dir:  /app/sandbox/run_20260818_180409
Command line:
  gmx hbond -s md.tpr -f md_noPBC.xtc -tu ns -num hbnum_prot_lig.xvg

Reading file md.tpr, VERSION 2023 (single precision)
Group     0 (         System) has 45767 elements
Group     1 (        Protein) has  2623 elements
Group     2 (      Protein-H) has  1305 elements
Group     3 (        C-alpha) has   163 elements
Group     4 (       Backbone) has   492 elements
Group     5 (      MainChain) has   656 elements
Group     6 (   MainChain+Cb) has   808 elements
Group     7 (    MainChain+H) has   823 elements
Group     8 (      SideChain) has  1800 elements
Group     9 (    SideChain-H) has   649 elements
Group    10 (    Prot-Masses) has  2623 elements
Group    11 (    non-Protein) has 43144 elements
Group    12 (          Other) has    28 elements
Group    13 (            JZ4) has    22 elements
Group    14 (            Cl-) has     6 elements
Group    15 (          Water) has 43116 elements
Group    16 (            SOL) has 43116 elements
Group    17 (      non-Water) has  2651 elements
Select a group: Select a group: 
Reading frame       0 time    0.000   Specify 2 groups to analyze:
Selected 1: 'Protein'
Selected 13: 'JZ4'
Checking for overlap in atoms between Protein and JZ4
Calculating hydrogen bonds between Protein (2623 atoms) and JZ4 (22 atoms)
Found 257 donors and 482 acceptors

Will do grid-search on 17x18x19 grid, rcut=0.34999999
Frame loop parallelized with OpenMP using 24 threads.

Reading frame       1 time    0.010   
Last frame          1 time    0.010   

GROMACS reminds you: "Unfortunately, "simulation" has become increasingly misused to mean nothing more than "calculation"" (Bill Jorgensen)

Average number of hbonds per timeframe 1.000 out of 61937 possible
.
2026-08-18 18:05:36,548 - MDAgent - INFO - Pipeline successful. Entering post-pipeline conversation.
2026-08-18 18:05:51,678 - MDAgent - INFO - Post-pipeline: 1 tool call(s)
2026-08-18 18:05:51,678 - MDAgent - INFO - Executing tool: run_gmxMMPBSA with input: {'sandbox_dir': '/app/sandbox/run_20260818_180409', 'pdb_id': '3HTB', 'nsteps': '5000', 'nstxout_compressed': '2500', 'md_temp': '300'}
2026-08-18 18:06:07,983 - MDAgent - INFO - Tool result: MMPBSA complete! Files created: /app/sandbox/run_20260818_180409/gmx_MMPBSA/FINAL_RESULTS_MMPBSA.dat and /app/sandbox/run_20260818_180409/gmx_MMPBSA/FINAL_RESULTS_MMPBSA.csv.Full gmx_MMPBSA output:
[INFO   ] Starting gmx_MMPBSA v1.6.3
[DEBUG  ] WDIR          : /app/sandbox/run_20260818_180409/gmx_MMPBSA
[DEBUG  ] AMBERHOME     : /opt/software/ambertools25
[DEBUG  ] PYTHON EXE    : /opt/conda/envs/dynamate/bin/python
[DEBUG  ] PYTHON VERSION: 3.9.25 (main, Nov  3 2025, 22:33:05) [GCC 11.2.0]
[DEBUG  ] MPI           : None
[DEBUG  ] ParmEd        : 0+unknown
[DEBUG  ] OS PLATFORM   : Linux-6.11.0-17-generic-x86_64-with-glibc2.35
[DEBUG  ] OS SYSTEM     : Linux
[DEBUG  ] OS VERSION    : #17~24.04.2-Ubuntu SMP PREEMPT_DYNAMIC Mon Jan 20 22:48:29 UTC 2
[DEBUG  ] OS PROCESSOR  : x86_64

[INFO   ] Command-line
  gmx_MMPBSA -O -i mmpbsa.in -cs /app/sandbox/run_20260818_180409/md.tpr -ct /app/sandbox/run_20260818_180409/md_noPBC.xtc -ci /app/sandbox/run_20260818_180409/index.ndx -cg 1 13 -cp /app/sandbox/run_20260818_180409/topol.top -o FINAL_RESULTS_MMPBSA.dat -eo FINAL_RESULTS_MMPBSA.csv -nogui

[DEBUG  ] |Input file:
[DEBUG  ] |--------------------------------------------------------------
[DEBUG  ] |&general
[DEBUG  ] |sys_name=3HTB
[DEBUG  ] |startframe=1
[DEBUG  ] |endframe=2
[DEBUG  ] |interval=5
[DEBUG  ] |temperature=300
[DEBUG  ] |verbose=2
[DEBUG  ] |/
[DEBUG  ] |&pb
[DEBUG  ] |  ipb                  = 2                                              # Dielectric model for PB
[DEBUG  ] |  inp                  = 1                                              # Nonpolar solvation method
[DEBUG  ] |  sander_apbs          = 0                                              # Use sander.APBS?
[DEBUG  ] |  indi                 = 1.0                                            # Internal dielectric constant
[DEBUG  ] |  exdi                 = 80.0                                           # External dielectric constant
[DEBUG  ] |  emem                 = 4.0                                            # Membrane dielectric constant
[DEBUG  ] |  smoothopt            = 1                                              # Set up dielectric values for finite-difference grid edges that are located across the solute/solvent dielectric boundary
[DEBUG  ] |  istrng               = 0.0                                            # Ionic strength (M)
[DEBUG  ] |  radiopt              = 1                                              # Use optimized radii?
[DEBUG  ] |  prbrad               = 1.4                                            # Probe radius
[DEBUG  ] |  iprob                = 2.0                                            # Mobile ion probe radius (Angstroms) for ion accessible surface used to define the Stern layer
[DEBUG  ] |  sasopt               = 0                                              # Molecular surface in PB implict model
[DEBUG  ] |  arcres               = 0.25                                           # The resolution (Å) to compute solvent accessible arcs
[DEBUG  ] |  memopt               = 0                                              # Use PB optimization for membrane
[DEBUG  ] |  poretype             = 1                                              # Use exclusion region for channel proteins
[DEBUG  ] |  npbopt               = 0                                              # Use NonLinear PB solver?
[DEBUG  ] |  solvopt              = 1                                              # Select iterative solver
[DEBUG  ] |  accept               = 0.001                                          # Sets the iteration convergence criterion (relative to the initial residue)
[DEBUG  ] |  linit                = 1000                                           # Number of SCF iterations
[DEBUG  ] |  fillratio            = 4.0                                            # Ratio between the longest dimension of the rectangular finite-difference grid and that of the solute
[DEBUG  ] |  scale                = 2.0                                            # 1/scale = grid spacing for the finite difference solver (default = 1/2 Å)
[DEBUG  ] |  nbuffer              = 0.0                                            # Sets how far away (in grid units) the boundary of the finite difference grid is away from the solute surface
[DEBUG  ] |  nfocus               = 2                                              # Electrostatic focusing calculation
[DEBUG  ] |  fscale               = 8                                              # Set the ratio between the coarse and fine grid spacings in an electrostatic focussing calculation
[DEBUG  ] |  npbgrid              = 1                                              # Sets how often the finite-difference grid is regenerated
[DEBUG  ] |  bcopt                = 5                                              # Boundary condition option
[DEBUG  ] |  eneopt               = 2                                              # Compute electrostatic energy and forces
[DEBUG  ] |  frcopt               =... truncated ...  Cleaning normal complex trajectories...
[DEBUG  ] Running command: echo -e "GMXMMPBSA_REC_GMXMMPBSA_LIG"| /opt/software/gromacs/bin/gmx trjconv -f /app/sandbox/run_20260818_180409/md_noPBC.xtc -s /app/sandbox/run_20260818_180409/md.tpr -o COM_traj_0.xtc -n _GMXMMPBSA_COM_index.ndx
[DEBUG  ]                       :-) GROMACS - gmx trjconv, 2023 (-:
[DEBUG  ] 
[DEBUG  ] Executable:   /opt/software/gromacs/bin/gmx
[DEBUG  ] Data prefix:  /opt/software/gromacs
[DEBUG  ] Working dir:  /app/sandbox/run_20260818_180409/gmx_MMPBSA
[DEBUG  ] Command line:
[DEBUG  ]   gmx trjconv -f /app/sandbox/run_20260818_180409/md_noPBC.xtc -s /app/sandbox/run_20260818_180409/md.tpr -o COM_traj_0.xtc -n _GMXMMPBSA_COM_index.ndx
[DEBUG  ] 
[DEBUG  ] Will write xtc: Compressed trajectory (portable xdr format): xtc
[DEBUG  ] Reading file /app/sandbox/run_20260818_180409/md.tpr, VERSION 2023 (single precision)
[DEBUG  ] Reading file /app/sandbox/run_20260818_180409/md.tpr, VERSION 2023 (single precision)
[DEBUG  ] Group     0 (         System) has 45767 elements
[DEBUG  ] Group     1 (  GMXMMPBSA_REC) has  2623 elements
[DEBUG  ] Group     2 (      Protein-H) has  1305 elements
[DEBUG  ] Group     3 (        C-alpha) has   163 elements
[DEBUG  ] Group     4 (       Backbone) has   492 elements
[DEBUG  ] Group     5 (      MainChain) has   656 elements
[DEBUG  ] Group     6 (   MainChain+Cb) has   808 elements
[DEBUG  ] Group     7 (    MainChain+H) has   823 elements
[DEBUG  ] Group     8 (      SideChain) has  1800 elements
[DEBUG  ] Group     9 (    SideChain-H) has   649 elements
[DEBUG  ] Group    10 (    Prot-Masses) has  2623 elements
[DEBUG  ] Group    11 (    non-Protein) has 43144 elements
[DEBUG  ] Group    12 (          Other) has    28 elements
[DEBUG  ] Group    13 (  GMXMMPBSA_LIG) has    22 elements
[DEBUG  ] Group    14 (            Cl-) has     6 elements
[DEBUG  ] Group    15 (          Water) has 43116 elements
[DEBUG  ] Group    16 (            SOL) has 43116 elements
[DEBUG  ] Group    17 (      non-Water) has  2651 elements
[DEBUG  ] Group    18 (Protein-H_&_r_1-165) has  1305 elements
[DEBUG  ] Group    19 ( Water_and_ions) has 43122 elements
[DEBUG  ] Group    20 (    Protein_JZ4) has  2645 elements
[DEBUG  ] Group    21 (GMXMMPBSA_REC_GMXMMPBSA_LIG) has  2645 elements
[DEBUG  ] Select a group: 
Reading frame       0 time    0.000   
[DEBUG  ] Precision of /app/sandbox/run_20260818_180409/md_noPBC.xtc is 0.001 (nm)
[DEBUG  ] Using output precision of 0.001 (nm)
[DEBUG  ] 
Reading frame       1 time   10.000    ->  frame      0 time    0.000      

Last frame          1 time   10.000   
[DEBUG  ] Last written: frame      1 time   10.000
[DEBUG  ] 
[DEBUG  ] 
[DEBUG  ] GROMACS reminds you: "Home computers are being called upon to perform many new functions, including the consumption of homework formerly eaten by the dog." (Doug Larson)
[DEBUG  ] 
[DEBUG  ] Note that major changes are planned in future for trjconv, to improve usability and utility.
[DEBUG  ] Select group for output
[DEBUG  ] Selected 21: 'GMXMMPBSA_REC_GMXMMPBSA_LIG'
[INFO   ] Building AMBER topologies from GROMACS files... Done.

[INFO   ] Loading and checking parameter files for compatibility...
[INFO   ] Preparing trajectories for simulation...

[INFO   ] 1 frames were processed by cpptraj for use in calculation.
[INFO   ] Starting calculations in 1 CPUs...
[INFO   ] Running calculations on normal system...
[INFO   ] Beginning PB calculations with /opt/software/ambertools25/bin/sander
[INFO   ]   calculating complex contribution...
[INFO   ]   calculating receptor contribution...
[INFO   ]   calculating ligand contribution...
[INFO   ] Parsing results to output files...

[INFO   ] Timing:
[INFO   ] Total GROMACS setup time:                   2.200 sec.
[INFO   ] Total AMBER setup time:                     0.320 sec.
[INFO   ] Creating trajectories with cpptraj:         0.038 sec.
[INFO   ] Total calculation time:                    13.025 sec.
[INFO   ] Total PB calculation time:                  6.208 sec.
[INFO   ] Statistics calculation & output writing:    0.008 sec.
[INFO   ] Total time taken:                          15.598 sec.

[INFO   ] 
   Finalizing gmx_MMPBSA: [ERROR  ] = 0; [WARNING] = 0
   Check the gmx_MMPBSA.log file for more details...

[INFO   ] 
 Thank you for using gmx_MMPBSA. Please consider supporting gmx_MMPBSA by citing our publication:
    Valdés-Tresanco, M.S., Valdés-Tresanco, M.E., Valiente, P.A. and Moreno E. 
    gmx_MMPBSA: A New Tool to Perform End-State Free Energy Calculations with GROMACS. 
    J Chem Theory Comput., 2021, 17 (10):6281-6291. Epub 2021 Sep 29. PMID: 34586825.
    https://pubs.acs.org/doi/10.1021/acs.jctc.1c00645

Also consider citing MMPBSA.py:
    Miller III, B. R., McGee Jr., T. D., Swails, J. M. Homeyer, N. Gohlke, H. and Roitberg, A. E.
    MMPBSA.py: An Efficient Program for End-State Free Energy Calculations.
    J. Chem. Theory Comput., 2012, 8 (9) pp 3314-3321

[INFO   ] Finalized...
.
2026-08-18 18:06:12,999 - MDAgent - INFO - User exited post-pipeline conversation.
2026-08-18 18:06:13,000 - MDAgent - INFO - === MD Pipeline completed successfully ===
2026-08-18 18:06:20,924 - MDAgent - INFO - Final summary for task:
The full MD workflow for 3HTB with ligand JZ4 completed successfully, including setup, equilibration, production MD, trajectory analysis, and binding free energy calculation.

What was accomplished:
- Prepared the PDB structure and separated the ligand
- Protonated the ligand at pH 7
- Added ACE/NME terminal caps
- Renamed histidines to appropriate protonation states
- Parameterized the ligand with Amber tools
- Built, solvated, and neutralized the system with tleap
- Ran GROMACS energy minimization and equilibration
- Ran a short production MD simulation
- Performed trajectory analysis
- Calculated binding free energy using gmx_MMPBSA

Key output files for human evaluation:

System preparation / topology:
- `3HTB_prepared.pdb`
- `3HTB_prepared_capped.pdb`
- `3HTB_prepared_capped_his.pdb`
- `JZ4_h.pdb`
- `JZ4_h.prepi`
- `JZ4_h.frcmod`
- `complex_tleap.pdb`
- `complex.gro`
- `topol.top`

MD simulation:
- `em.tpr`, `em.edr`, `em.gro`
- `nvt.tpr`, `nvt.gro`
- `npt.tpr`, `npt.gro`, `npt.cpt`, `npt.edr`
- `md.tpr`
- `md.xtc`
- `md.edr`
- `md.log`

Trajectory analysis:
- `md_noPBC.xtc`
- `rmsd.xvg`
- `rmsd_xtal.xvg`
- `rmsf.xvg`
- `gyrate.xvg`
- `hbnum_mainchain.xvg`
- `hbnum_sidechain.xvg`
- `hbnum_prot_wat.xvg`
- `hbnum_prot_lig.xvg`

Binding free energy:
- `/app/sandbox/run_20260818_180409/gmx_MMPBSA/FINAL_RESULTS_MMPBSA.dat`
- `/app/sandbox/run_20260818_180409/gmx_MMPBSA/FINAL_RESULTS_MMPBSA.csv`

Notes on issues:
- No blocking errors occurred.
- One minor warning appeared during tleap: duplicate atom names were detected in several residues, likely due to alternate conformations in the original PDB. tleap handled this by using the first occurrence and ignoring duplicates, and the system was built successfully.
- Paper lookup for ligand/protonation context was unavailable because no PDF papers were present in the environment, so the ligand was protonated using the preparation tool’s default pH 7 protocol.

If you want, I can also provide a compact “results interpretation checklist” for a human reviewer to inspect the production run quickly.
2026-08-18 18:06:20,925 - Main - INFO - === MD Pipeline completed successfully ===
